Archive member included because of file (symbol)

contiki-sky.a(contiki-sky-pla)
                              obj_sky/contiki-sky-main.o (init_platform)
contiki-sky.a(sht11-sensor.o)
                              obj_sky/sensor_hum.o (sht11_sensor)
contiki-sky.a(light-sensor.o)
                              obj_sky/sensor_light.o (light_sensor)
contiki-sky.a(button-sensor.o)
                              sensor.co (button_sensor)
contiki-sky.a(ds2411.o)       obj_sky/contiki-sky-main.o (ds2411_init)
contiki-sky.a(xmem.o)         obj_sky/contiki-sky-main.o (xmem_init)
contiki-sky.a(node-id.o)      obj_sky/contiki-sky-main.o (node_id_restore)
contiki-sky.a(sensors.o)      sensor.co (sensors_event)
contiki-sky.a(cc2420.o)       obj_sky/contiki-sky-main.o (cc2420_set_pan_addr)
contiki-sky.a(cc2420-arch.o)  contiki-sky.a(cc2420.o) (cc2420_arch_init)
contiki-sky.a(sky-sensors.o)  contiki-sky.a(light-sensor.o) (sky_sensors_status)
contiki-sky.a(uart1.o)        obj_sky/contiki-sky-main.o (uart1_active)
contiki-sky.a(uart1-putchar.o)
                              obj_sky/contiki-sky-main.o (putchar)
contiki-sky.a(msp430.o)       contiki-sky.a(uart1.o) (msp430_add_lpm_req)
contiki-sky.a(clock.o)        obj_sky/contiki-sky-main.o (clock_init)
contiki-sky.a(leds.o)         obj_sky/contiki-sky-main.o (leds_init)
contiki-sky.a(leds-arch.o)    contiki-sky.a(leds.o) (leds_arch_init)
contiki-sky.a(watchdog.o)     obj_sky/contiki-sky-main.o (watchdog_start)
contiki-sky.a(rtimer-arch.o)  obj_sky/contiki-sky-main.o (rtimer_arch_now)
contiki-sky.a(autostart.o)    obj_sky/contiki-sky-main.o (autostart_start)
contiki-sky.a(ctimer.o)       obj_sky/contiki-sky-main.o (ctimer_init)
contiki-sky.a(energest.o)     obj_sky/contiki-sky-main.o (energest_init)
contiki-sky.a(etimer.o)       contiki-sky.a(clock.o) (etimer_request_poll)
contiki-sky.a(process.o)      sensor.co (process_current)
contiki-sky.a(rtimer.o)       obj_sky/contiki-sky-main.o (rtimer_init)
contiki-sky.a(timer.o)        obj_sky/contiki-sky-main.o (timer_set)
contiki-sky.a(list.o)         contiki-sky.a(ctimer.o) (list_init)
contiki-sky.a(random.o)       obj_sky/contiki-sky-main.o (random_init)
contiki-sky.a(uip-ds6.o)      obj_sky/contiki-sky-main.o (uip_ds6_get_link_local)
contiki-sky.a(uip-ds6-route.o)
                              contiki-sky.a(uip-ds6.o) (uip_ds6_route_init)
contiki-sky.a(uip6.o)         obj_sky/udp-client.o (uip_aligned_buf)
contiki-sky.a(uip-ds6-nbr.o)  contiki-sky.a(uip-ds6.o) (uip_ds6_neighbors_init)
contiki-sky.a(uip-nd6.o)      contiki-sky.a(uip6.o) (uip_nd6_init)
contiki-sky.a(sicslowpan.o)   obj_sky/contiki-sky-main.o (sicslowpan_driver)
contiki-sky.a(uip-debug.o)    obj_sky/udp-client.o (uip_debug_ipaddr_print)
contiki-sky.a(uip-udp-packet.)
                              obj_sky/udp-client.o (uip_udp_packet_sendto)
contiki-sky.a(tcpip.o)        contiki-sky.a(sicslowpan.o) (tcpip_set_outputfunc)
contiki-sky.a(rpl-dag.o)      contiki-sky.a(tcpip.o) (rpl_repair_root)
contiki-sky.a(rpl-timers.o)   contiki-sky.a(rpl-dag.o) (rpl_reset_dio_timer)
contiki-sky.a(rpl-ext-header.)
                              contiki-sky.a(uip6.o) (rpl_verify_hbh_header)
contiki-sky.a(rpl.o)          contiki-sky.a(rpl-timers.o) (rpl_get_mode)
contiki-sky.a(rpl-mrhof.o)    contiki-sky.a(rpl-dag.o) (rpl_mrhof)
contiki-sky.a(rpl-icmp6.o)    contiki-sky.a(rpl-dag.o) (rpl_icmp6_update_nbr_table)
contiki-sky.a(csma.o)         obj_sky/contiki-sky-main.o (csma_driver)
contiki-sky.a(mac.o)          contiki-sky.a(csma.o) (mac_call_sent_callback)
contiki-sky.a(framer-802154.o)
                              contiki-sky.a(sicslowpan.o) (framer_802154)
contiki-sky.a(nullrdc.o)      obj_sky/contiki-sky-main.o (nullrdc_driver)
contiki-sky.a(queuebuf.o)     obj_sky/contiki-sky-main.o (queuebuf_init)
contiki-sky.a(nbr-table.o)    contiki-sky.a(uip-ds6-route.o) (nbr_table_register)
contiki-sky.a(packetbuf.o)    contiki-sky.a(framer-802154.o) (packetbuf_hdrreduce)
contiki-sky.a(linkaddr.o)     obj_sky/contiki-sky-main.o (linkaddr_copy)
contiki-sky.a(link-stats.o)   contiki-sky.a(rpl-dag.o) (link_stats_from_lladdr)
contiki-sky.a(nullsec.o)      obj_sky/contiki-sky-main.o (nullsec_driver)
contiki-sky.a(sht11.o)        contiki-sky.a(sht11-sensor.o) (sht11_init)
contiki-sky.a(spi.o)          contiki-sky.a(xmem.o) (spi_init)
contiki-sky.a(stimer.o)       contiki-sky.a(uip-ds6.o) (stimer_set)
contiki-sky.a(memb.o)         contiki-sky.a(uip-ds6-route.o) (memb_init)
contiki-sky.a(uip-icmp6.o)    contiki-sky.a(uip6.o) (uip_icmp6_input)
contiki-sky.a(rpl-nbr-policy.)
                              contiki-sky.a(nbr-table.o) (rpl_nbr_policy_find_removable)
contiki-sky.a(frame802154.o)  contiki-sky.a(framer-802154.o) (frame802154_get_pan_id)
/usr/local/bin/../lib/gcc/msp430/4.7.2/mmpy-16/libgcc.a(_mulsi3.o)
                              contiki-sky.a(rpl-timers.o) (__mulsi3)
/usr/local/bin/../lib/gcc/msp430/4.7.2/mmpy-16/libgcc.a(_udivmod16.o)
[...]
Memory Configuration

Name             Origin             Length             Attributes
sfr              0x00000000         0x00000010
peripheral_8bit  0x00000010         0x000000f0
peripheral_16bit 0x00000100         0x00000100
ram_mirror       0x00000200         0x00000800         xw
infomem          0x00001000         0x00000100
infob            0x00001000         0x00000080
infoa            0x00001080         0x00000080
ram              0x00001100         0x00002800         xw
rom              0x00004000         0x0000bfe0         xr
vectors          0x0000ffe0         0x00000020
bsl              0x00000000         0x00000000
infoc            0x00000000         0x00000000
infod            0x00000000         0x00000000
ram2             0x00000000         0x00000000         xw
usbram           0x00000000         0x00000000         xw
far_rom          0x00000000         0x00000000
*default*        0x00000000         0xffffffff

Linker script and memory map

LOAD /usr/local/bin/../lib/gcc/msp430/4.7.2/mmpy-16/crt0ivtbl16.o
LOAD sensor.co
LOAD obj_sky/udp-client.o
LOAD obj_sky/sensor_acc.o
LOAD obj_sky/sensor_hum.o
LOAD obj_sky/sensor_light.o
LOAD obj_sky/sensor_temp.o
LOAD obj_sky/contiki-sky-main.o
LOAD contiki-sky.a
LOAD /usr/local/bin/../lib/gcc/msp430/4.7.2/mmpy-16/libgcc.a
LOAD /usr/local/bin/../lib/gcc/msp430/4.7.2/../../../../msp430/lib/mmpy-16/libc.a
LOAD /usr/local/bin/../lib/gcc/msp430/4.7.2/mmpy-16/libgcc.a
LOAD /usr/local/bin/../lib/gcc/msp430/4.7.2/mmpy-16/libcrt0.a
                0x00000080                PROVIDE (__info_segment_size, 0x80)
                0x00001000                PROVIDE (__infob, 0x1000)
                0x00001080                PROVIDE (__infoa, 0x1080)
                0x00000000                __IE1 = 0x0
                0x00000002                __IFG1 = 0x2
                0x00000004                __ME1 = 0x4
                0x00000001                __IE2 = 0x1
                0x00000003                __IFG2 = 0x3
                0x00000005                __ME2 = 0x5
                0x00000120                __WDTCTL = 0x120
                0x00000130                __MPY = 0x130
                0x00000132                __MPYS = 0x132
                0x00000134                __MAC = 0x134
                0x00000136                __MACS = 0x136
                0x00000138                __OP2 = 0x138
                0x0000013a                __RESLO = 0x13a
                0x0000013c                __RESHI = 0x13c
                0x0000013e                __SUMEXT = 0x13e
                0x00000020                __P1IN = 0x20
                0x00000021                __P1OUT = 0x21
                0x00000022                __P1DIR = 0x22
                0x00000023                __P1IFG = 0x23
                0x00000024                __P1IES = 0x24
                0x00000025                __P1IE = 0x25
                0x00000026                __P1SEL = 0x26
                0x00000028                __P2IN = 0x28
                0x00000029                __P2OUT = 0x29
                0x0000002a                __P2DIR = 0x2a
                0x0000002b                __P2IFG = 0x2b
                0x0000002c                __P2IES = 0x2c
                0x0000002d                __P2IE = 0x2d
                0x0000002e                __P2SEL = 0x2e
                0x00000018                __P3IN = 0x18
                0x00000019                __P3OUT = 0x19
                0x0000001a                __P3DIR = 0x1a
                0x0000001b                __P3SEL = 0x1b
                0x0000001c                __P4IN = 0x1c
                0x0000001d                __P4OUT = 0x1d
                0x0000001e                __P4DIR = 0x1e
                0x0000001f                __P4SEL = 0x1f
                0x00000030                __P5IN = 0x30
                0x00000031                __P5OUT = 0x31
                0x00000032                __P5DIR = 0x32
                0x00000033                __P5SEL = 0x33
                0x00000034                __P6IN = 0x34
                0x00000035                __P6OUT = 0x35
                0x00000036                __P6DIR = 0x36
                0x00000037                __P6SEL = 0x37
                0x00000070                __U0CTL = 0x70
                0x00000071                __U0TCTL = 0x71
                0x00000072                __U0RCTL = 0x72
                0x00000073                __U0MCTL = 0x73
                0x00000074                __U0BR0 = 0x74
                0x00000075                __U0BR1 = 0x75
                0x00000076                __U0RXBUF = 0x76
                0x00000077                __U0TXBUF = 0x77
                0x00000078                __U1CTL = 0x78
                0x00000079                __U1TCTL = 0x79
                0x0000007a                __U1RCTL = 0x7a
                0x0000007b                __U1MCTL = 0x7b
                0x0000007c                __U1BR0 = 0x7c
                0x0000007d                __U1BR1 = 0x7d
                0x0000007e                __U1RXBUF = 0x7e
                0x0000007f                __U1TXBUF = 0x7f
                0x00000050                __I2CIE = 0x50
                0x00000051                __I2CIFG = 0x51
                0x00000052                __I2CNDAT = 0x52
                0x00000071                __I2CTCTL = 0x71
                0x00000072                __I2CDCTL = 0x72
                0x00000073                __I2CPSC = 0x73
                0x00000074                __I2CSCLH = 0x74
                0x00000075                __I2CSCLL = 0x75
                0x00000076                __I2CDRB = 0x76
                0x00000076                __I2CDRW = 0x76
                0x00000118                __I2COA = 0x118
                0x0000011a                __I2CSA = 0x11a
                0x0000011c                __I2CIV = 0x11c
                0x0000012e                __TAIV = 0x12e
                0x00000160                __TACTL = 0x160
                0x00000162                __TACCTL0 = 0x162
                0x00000164                __TACCTL1 = 0x164
                0x00000166                __TACCTL2 = 0x166
                0x00000170                __TAR = 0x170
                0x00000172                __TACCR0 = 0x172
                0x00000174                __TACCR1 = 0x174
                0x00000176                __TACCR2 = 0x176
                0x0000011e                __TBIV = 0x11e
                0x00000180                __TBCTL = 0x180
                0x00000182                __TBCCTL0 = 0x182
                0x00000184                __TBCCTL1 = 0x184
                0x00000186                __TBCCTL2 = 0x186
                0x00000188                __TBCCTL3 = 0x188
                0x0000018a                __TBCCTL4 = 0x18a
                0x0000018c                __TBCCTL5 = 0x18c
                0x0000018e                __TBCCTL6 = 0x18e
                0x00000190                __TBR = 0x190
                0x00000192                __TBCCR0 = 0x192
                0x00000194                __TBCCR1 = 0x194
                0x00000196                __TBCCR2 = 0x196
                0x00000198                __TBCCR3 = 0x198
                0x0000019a                __TBCCR4 = 0x19a
                0x0000019c                __TBCCR5 = 0x19c
                0x0000019e                __TBCCR6 = 0x19e
                0x00000056                __DCOCTL = 0x56
                0x00000057                __BCSCTL1 = 0x57
                0x00000058                __BCSCTL2 = 0x58
                0x00000055                __SVSCTL = 0x55
                0x00000128                __FCTL1 = 0x128
                0x0000012a                __FCTL2 = 0x12a
                0x0000012c                __FCTL3 = 0x12c
                0x00000059                __CACTL1 = 0x59
                0x0000005a                __CACTL2 = 0x5a
                0x0000005b                __CAPD = 0x5b
                0x000001a0                __ADC12CTL0 = 0x1a0
                0x000001a2                __ADC12CTL1 = 0x1a2
                0x000001a4                __ADC12IFG = 0x1a4
                0x000001a6                __ADC12IE = 0x1a6
                0x000001a8                __ADC12IV = 0x1a8
                0x00000140                __ADC12MEM0 = 0x140
                0x00000142                __ADC12MEM1 = 0x142
                0x00000144                __ADC12MEM2 = 0x144
                0x00000146                __ADC12MEM3 = 0x146
                0x00000148                __ADC12MEM4 = 0x148
                0x0000014a                __ADC12MEM5 = 0x14a
                0x0000014c                __ADC12MEM6 = 0x14c
                0x0000014e                __ADC12MEM7 = 0x14e
                0x00000150                __ADC12MEM8 = 0x150
                0x00000152                __ADC12MEM9 = 0x152
                0x00000154                __ADC12MEM10 = 0x154
                0x00000156                __ADC12MEM11 = 0x156
                0x00000158                __ADC12MEM12 = 0x158
                0x0000015a                __ADC12MEM13 = 0x15a
                0x0000015c                __ADC12MEM14 = 0x15c
                0x0000015e                __ADC12MEM15 = 0x15e
                0x00000080                __ADC12MCTL0 = 0x80
                0x00000081                __ADC12MCTL1 = 0x81
                0x00000082                __ADC12MCTL2 = 0x82
                0x00000083                __ADC12MCTL3 = 0x83
                0x00000084                __ADC12MCTL4 = 0x84
                0x00000085                __ADC12MCTL5 = 0x85
                0x00000086                __ADC12MCTL6 = 0x86
                0x00000087                __ADC12MCTL7 = 0x87
                0x00000088                __ADC12MCTL8 = 0x88
                0x00000089                __ADC12MCTL9 = 0x89
                0x0000008a                __ADC12MCTL10 = 0x8a
                0x0000008b                __ADC12MCTL11 = 0x8b
                0x0000008c                __ADC12MCTL12 = 0x8c
                0x0000008d                __ADC12MCTL13 = 0x8d
                0x0000008e                __ADC12MCTL14 = 0x8e
                0x0000008f                __ADC12MCTL15 = 0x8f
                0x000001c0                __DAC12_0CTL = 0x1c0
                0x000001c2                __DAC12_1CTL = 0x1c2
                0x000001c8                __DAC12_0DAT = 0x1c8
                0x000001ca                __DAC12_1DAT = 0x1ca
                0x00000122                __DMACTL0 = 0x122
                0x00000124                __DMACTL1 = 0x124
                0x000001e0                __DMA0CTL = 0x1e0
                0x000001e8                __DMA1CTL = 0x1e8
                0x000001f0                __DMA2CTL = 0x1f0
                0x000001e2                __DMA0SA = 0x1e2
                0x000001e4                __DMA0DA = 0x1e4
                0x000001e6                __DMA0SZ = 0x1e6
                0x000001ea                __DMA1SA = 0x1ea
                0x000001ec                __DMA1DA = 0x1ec
                0x000001ee                __DMA1SZ = 0x1ee
                0x000001f2                __DMA2SA = 0x1f2
                0x000001f4                __DMA2DA = 0x1f4
                0x000001f6                __DMA2SZ = 0x1f6

.hash
 *(.hash)

.dynsym
 *(.dynsym)

.dynstr
 *(.dynstr)

.gnu.version
 *(.gnu.version)

.gnu.version_d
 *(.gnu.version_d)

.gnu.version_r
 *(.gnu.version_r)

.rel.init
 *(.rel.init)

.rela.init
 *(.rela.init)

.rel.fini
 *(.rel.fini)

.rela.fini
 *(.rela.fini)

.rel.text
 *(.rel.text .rel.text.* .rel.gnu.linkonce.t.*)

.rela.text
 *(.rela.text .rela.text.* .rela.gnu.linkonce.t.*)

.rel.rodata
 *(.rel.rodata .rel.rodata.* .rel.gnu.linkonce.r.*)

.rela.rodata
 *(.rela.rodata .rela.rodata.* .rela.gnu.linkonce.r.*)

.rel.data
 *(.rel.data .rel.data.* .rel.gnu.linkonce.d.*)

.rela.data
 *(.rela.data .rela.data.* .rela.gnu.linkonce.d.*)

.rel.bss
 *(.rel.bss .rel.bss.* .rel.gnu.linkonce.b.*)

.rela.bss
 *(.rela.bss .rela.bss.* .rela.gnu.linkonce.b.*)

.rel.ctors
 *(.rel.ctors)

.rela.ctors
 *(.rela.ctors)

.rel.dtors
 *(.rel.dtors)

.rela.dtors
 *(.rela.dtors)

.rel.got
 *(.rel.got)

.rela.got
 *(.rela.got)

.rel.plt
 *(.rel.plt)

.rela.plt
 *(.rela.plt)

.text           0x00004000     0xb08a
                0x00004000                . = ALIGN (0x2)
 *(.init .init.*)
 *(.init0)
 .init0         0x00004000        0x0 /usr/local/bin/../lib/gcc/msp430/4.7.2/mmpy-16/libcrt0.a(_reset_vector__.o)
                0x00004000                _reset_vector__
 *(.init1)
 .init1         0x00004000        0xc /usr/local/bin/../lib/gcc/msp430/4.7.2/mmpy-16/libcrt0.a(__watchdog_support.o)
                0x00004000                __watchdog_support
 *(.init2)
 .init2         0x0000400c        0x4 /usr/local/bin/../lib/gcc/msp430/4.7.2/mmpy-16/libcrt0.a(__init_stack.o)
                0x0000400c                __init_stack
 *(.init3)
 .init3         0x00004010        0x0 /usr/local/bin/../lib/gcc/msp430/4.7.2/mmpy-16/libcrt0.a(__low_level_init.o)
                0x00004010                __low_level_init
 *(.init4)
 .init4         0x00004010       0x18 /usr/local/bin/../lib/gcc/msp430/4.7.2/mmpy-16/libcrt0.a(_copy_data.o)
                0x00004010                __do_copy_data
 .init4         0x00004028       0x16 /usr/local/bin/../lib/gcc/msp430/4.7.2/mmpy-16/libcrt0.a(_clear_bss.o)
                0x00004028                __do_clear_bss
 *(.init5)
 *(.init6)
 *(.init7)
 *(.init8)
 *(.init9)
 .init9         0x0000403e      0x33e obj_sky/contiki-sky-main.o
                0x0000403e                main
 *(.fini9)
 .fini9         0x0000437c        0x0 /usr/local/bin/../lib/gcc/msp430/4.7.2/mmpy-16/libcrt0.a(__stop_progExec__.o)
                0x0000437c                __stop_progExec__
 *(.fini8)
 *(.fini7)
 *(.fini6)
 *(.fini5)
 *(.fini4)
 *(.fini3)
 *(.fini2)
 *(.fini1)
 *(.fini0)
 .fini0         0x0000437c        0x6 /usr/local/bin/../lib/gcc/msp430/4.7.2/mmpy-16/libcrt0.a(_endless_loop__.o)
                0x0000437c                _endless_loop__
 *(.fini .fini.*)
                0x00004382                . = ALIGN (0x2)
                0x00004382                __ctors_start = .
 *(.ctors)
                0x00004382                __ctors_end = .
                0x00004382                __dtors_start = .
 *(.dtors)
                0x00004382                __dtors_end = .
                0x00004382                . = ALIGN (0x2)
 *(.text .text.* .gnu.linkonce.t.*)
 .text          0x00004382        0x4 /usr/local/bin/../lib/gcc/msp430/4.7.2/mmpy-16/crt0ivtbl16.o
                0x00004382                __isr_14
                0x00004382                __isr_11
                0x00004382                __isr_2
                0x00004382                __isr_7
                0x00004382                __isr_0
                0x00004382                __isr_8
                0x00004382                __isr_3
                0x00004382                __isr_12
                0x00004382                __isr_13
                0x00004382                __isr_9
 .text.udp_app_call
                0x00004386       0x44 sensor.co
 .text.send_packet.part.0.constprop.2
                0x000043ca       0xd4 sensor.co
 .text.process_thread_sensor_process
                0x0000449e      0x138 sensor.co
 .text.process_thread_udp_client_process
                0x000045d6      0x1ae obj_sky/udp-client.o
 .text.udp_client_add_listener
                0x00004784       0x20 obj_sky/udp-client.o
                0x00004784                udp_client_add_listener
 .text.udp_client_start
                0x000047a4       0x18 obj_sky/udp-client.o
                0x000047a4                udp_client_start
 .text.udp_send
                0x000047bc       0x1e obj_sky/udp-client.o
                0x000047bc                udp_send
 .text.process_thread_sensor_temp
                0x000047da       0x90 obj_sky/sensor_temp.o
 .text.start_temp_sensor
                0x0000486a       0x18 obj_sky/sensor_temp.o
                0x0000486a                start_temp_sensor
 .text.get_temp
                0x00004882        0x6 obj_sky/sensor_temp.o
                0x00004882                get_temp
 .text.init_platform
                0x00004888        0xc contiki-sky.a(contiki-sky-pla)
                0x00004888                init_platform
 .text.status   0x00004894       0x14 contiki-sky.a(sht11-sensor.o)
 .text.value    0x000048a8       0x30 contiki-sky.a(sht11-sensor.o)
 .text.configure
                0x000048d8       0x3e contiki-sky.a(sht11-sensor.o)
 .text.status   0x00004916       0x18 contiki-sky.a(button-sensor.o)
 .text.value    0x0000492e       0x20 contiki-sky.a(button-sensor.o)
 .text.configure
                0x0000494e       0x4c contiki-sky.a(button-sensor.o)
 .text.irq_p2   0x0000499a       0x88 contiki-sky.a(button-sensor.o)
                0x0000499a                irq_p2
                0x0000499a                __isr_1
 .text.owreadb  0x00004a22       0x50 contiki-sky.a(ds2411.o)
 .text.ds2411_init
                0x00004a72      0x120 contiki-sky.a(ds2411.o)
                0x00004a72                ds2411_init
 .text.wait_ready
                0x00004b92       0x4a contiki-sky.a(xmem.o)
 .text.xmem_init
                0x00004bdc       0x3c contiki-sky.a(xmem.o)
                0x00004bdc                xmem_init
 .text.xmem_pread
                0x00004c18       0xda contiki-sky.a(xmem.o)
                0x00004c18                xmem_pread
 .text.node_id_restore
                0x00004cf2       0x38 contiki-sky.a(node-id.o)
                0x00004cf2                node_id_restore
 .text.process_thread_sensors_process
                0x00004d2a       0xc2 contiki-sky.a(sensors.o)
 .text.sensors_changed
                0x00004dec       0x2a contiki-sky.a(sensors.o)
                0x00004dec                sensors_changed
 .text.get_object
                0x00004e16        0x4 contiki-sky.a(cc2420.o)
 .text.set_object
                0x00004e1a        0x4 contiki-sky.a(cc2420.o)
 .text.strobe   0x00004e1e       0x1c contiki-sky.a(cc2420.o)
 .text.getreg   0x00004e3a       0x4c contiki-sky.a(cc2420.o)
 .text.setreg   0x00004e86       0x4c contiki-sky.a(cc2420.o)
 .text.write_ram
                0x00004ed2       0x7c contiki-sky.a(cc2420.o)
 .text.write_fifo_buf
                0x00004f4e       0x3c contiki-sky.a(cc2420.o)
 .text.get_status
                0x00004f8a       0x20 contiki-sky.a(cc2420.o)
 .text.set_txpower
                0x00004faa       0x24 contiki-sky.a(cc2420.o)
 .text.cc2420_receiving_packet
                0x00004fce        0xc contiki-sky.a(cc2420.o)
 .text.pending_packet
                0x00004fda        0x8 contiki-sky.a(cc2420.o)
 .text.on       0x00004fe2       0x26 contiki-sky.a(cc2420.o)
 .text.wait_for_transmission
                0x00005008       0x22 contiki-sky.a(cc2420.o)
 .text.wait_for_status
                0x0000502a       0x28 contiki-sky.a(cc2420.o)
 .text.getrxdata
                0x00005052       0x50 contiki-sky.a(cc2420.o)
 .text.flushrx  0x000050a2       0x1a contiki-sky.a(cc2420.o)
 .text.off      0x000050bc       0x5e contiki-sky.a(cc2420.o)
 .text.RELEASE_LOCK
                0x0000511a       0x28 contiki-sky.a(cc2420.o)
 .text.set_key  0x00005142       0x18 contiki-sky.a(cc2420.o)
 .text.set_frame_filtering
                0x0000515a       0x30 contiki-sky.a(cc2420.o)
 .text.set_auto_ack
                0x0000518a       0x30 contiki-sky.a(cc2420.o)
 .text.set_poll_mode
                0x000051ba       0x2c contiki-sky.a(cc2420.o)
 .text.cc2420_prepare
                0x000051e6       0x3c contiki-sky.a(cc2420.o)
 .text.cc2420_on
                0x00005222       0x22 contiki-sky.a(cc2420.o)
                0x00005222                cc2420_on
 .text.cc2420_off
                0x00005244       0x30 contiki-sky.a(cc2420.o)
                0x00005244                cc2420_off
 .text.cc2420_cca
                0x00005274       0x68 contiki-sky.a(cc2420.o)
 .text.cc2420_read
                0x000052dc       0xbc contiki-sky.a(cc2420.o)
 .text.process_thread_cc2420_process
                0x00005398       0x5c contiki-sky.a(cc2420.o)
 .text.encrypt  0x000053f4       0x88 contiki-sky.a(cc2420.o)
 .text.cc2420_set_channel
                0x0000547c       0x3c contiki-sky.a(cc2420.o)
                0x0000547c                cc2420_set_channel
 .text.cc2420_set_pan_addr
                0x000054b8       0x4c contiki-sky.a(cc2420.o)
                0x000054b8                cc2420_set_pan_addr
 .text.cc2420_interrupt
                0x00005504       0x16 contiki-sky.a(cc2420.o)
                0x00005504                cc2420_interrupt
 .text.cc2420_set_txpower
                0x0000551a        0xe contiki-sky.a(cc2420.o)
                0x0000551a                cc2420_set_txpower
 .text.cc2420_get_txpower
                0x00005528       0x1e contiki-sky.a(cc2420.o)
                0x00005528                cc2420_get_txpower
 .text.cc2420_transmit
                0x00005546      0x116 contiki-sky.a(cc2420.o)
 .text.cc2420_send
                0x0000565c       0x12 contiki-sky.a(cc2420.o)
 .text.cc2420_rssi
                0x0000566e       0x4c contiki-sky.a(cc2420.o)
                0x0000566e                cc2420_rssi
 .text.get_value
                0x000056ba      0x104 contiki-sky.a(cc2420.o)
 .text.cc2420_set_cca_threshold
                0x000057be       0x16 contiki-sky.a(cc2420.o)
                0x000057be                cc2420_set_cca_threshold
 .text.set_value
                0x000057d4       0xb8 contiki-sky.a(cc2420.o)
 .text.cc2420_init
                0x0000588c       0xea contiki-sky.a(cc2420.o)
                0x0000588c                cc2420_init
 .text.cc2420_port1_interrupt
                0x00005976       0x62 contiki-sky.a(cc2420-arch.o)
                0x00005976                __isr_4
                0x00005976                cc2420_port1_interrupt
 .text.cc2420_arch_init
                0x000059d8       0x1a contiki-sky.a(cc2420-arch.o)
                0x000059d8                cc2420_arch_init
 .text.uart1_active
                0x000059f2       0x18 contiki-sky.a(uart1.o)
                0x000059f2                uart1_active
 .text.uart1_writeb
                0x00005a0a       0x18 contiki-sky.a(uart1.o)
                0x00005a0a                uart1_writeb
 .text.uart1_init
                0x00005a22       0xf4 contiki-sky.a(uart1.o)
                0x00005a22                uart1_init
 .text.putchar  0x00005b16       0x10 contiki-sky.a(uart1-putchar.o)
                0x00005b16                putchar
 .text.msp430_init_dco
                0x00005b26       0x82 contiki-sky.a(msp430.o)
                0x00005b26                msp430_init_dco
 .text.msp430_add_lpm_req
                0x00005ba8        0xc contiki-sky.a(msp430.o)
                0x00005ba8                msp430_add_lpm_req
 .text.msp430_cpu_init
                0x00005bb4       0x2a contiki-sky.a(msp430.o)
                0x00005bb4                msp430_cpu_init
 .text.splhigh_
                0x00005bde        0x8 contiki-sky.a(msp430.o)
                0x00005bde                splhigh_
 .text.msp430_sync_dco
                0x00005be6       0x6c contiki-sky.a(msp430.o)
                0x00005be6                msp430_sync_dco
 .text.timera1  0x00005c52      0x11e contiki-sky.a(clock.o)
                0x00005c52                __isr_5
                0x00005c52                timera1
 .text.clock_time
                0x00005d70       0x1a contiki-sky.a(clock.o)
                0x00005d70                clock_time
 .text.clock_init
                0x00005d8a       0x28 contiki-sky.a(clock.o)
                0x00005d8a                clock_init
 .text.clock_delay
                0x00005db2        0xc contiki-sky.a(clock.o)
                0x00005db2                clock_delay
 .text.clock_wait
                0x00005dbe       0x30 contiki-sky.a(clock.o)
                0x00005dbe                clock_wait
 .text.clock_seconds
                0x00005dee       0x1a contiki-sky.a(clock.o)
                0x00005dee                clock_seconds
 .text.show_leds
                0x00005e08       0xf0 contiki-sky.a(leds.o)
 .text.leds_init
                0x00005ef8        0xa contiki-sky.a(leds.o)
                0x00005ef8                leds_init
 .text.leds_on  0x00005f02        0xa contiki-sky.a(leds.o)
                0x00005f02                leds_on
 .text.leds_off
                0x00005f0c        0xe contiki-sky.a(leds.o)
                0x00005f0c                leds_off
 .text.leds_toggle
                0x00005f1a        0xa contiki-sky.a(leds.o)
                0x00005f1a                leds_toggle
 .text.leds_arch_init
                0x00005f24        0xe contiki-sky.a(leds-arch.o)
                0x00005f24                leds_arch_init
 .text.leds_arch_set
                0x00005f32       0x38 contiki-sky.a(leds-arch.o)
                0x00005f32                leds_arch_set
 .text.watchdog_interrupt
                0x00005f6a        0x6 contiki-sky.a(watchdog.o)
                0x00005f6a                __isr_10
                0x00005f6a                watchdog_interrupt
 .text.watchdog_start
                0x00005f70       0x14 contiki-sky.a(watchdog.o)
                0x00005f70                watchdog_start
 .text.watchdog_periodic
                0x00005f84       0x12 contiki-sky.a(watchdog.o)
                0x00005f84                watchdog_periodic
 .text.watchdog_stop
                0x00005f96       0x16 contiki-sky.a(watchdog.o)
                0x00005f96                watchdog_stop
 .text.watchdog_init
                0x00005fac       0x12 contiki-sky.a(watchdog.o)
                0x00005fac                watchdog_init
 .text.rtimer_arch_init
                0x00005fbe        0xe contiki-sky.a(rtimer-arch.o)
                0x00005fbe                rtimer_arch_init
 .text.rtimer_arch_now
                0x00005fcc        0xe contiki-sky.a(rtimer-arch.o)
                0x00005fcc                rtimer_arch_now
 .text.timera0  0x00005fda       0x70 contiki-sky.a(rtimer-arch.o)
                0x00005fda                __isr_6
                0x00005fda                timera0
 .text.rtimer_arch_schedule
                0x0000604a        0x6 contiki-sky.a(rtimer-arch.o)
                0x0000604a                rtimer_arch_schedule
 .text.autostart_start
                0x00006050       0x16 contiki-sky.a(autostart.o)
                0x00006050                autostart_start
 .text.process_thread_ctimer_process
                0x00006066       0xa8 contiki-sky.a(ctimer.o)
 .text.ctimer_init
                0x0000610e       0x18 contiki-sky.a(ctimer.o)
                0x0000610e                ctimer_init
 .text.ctimer_set_with_process
                0x00006126       0x4e contiki-sky.a(ctimer.o)
                0x00006126                ctimer_set_with_process
 .text.ctimer_set
                0x00006174       0x10 contiki-sky.a(ctimer.o)
                0x00006174                ctimer_set
 .text.ctimer_reset
                0x00006184       0x30 contiki-sky.a(ctimer.o)
                0x00006184                ctimer_reset
 .text.ctimer_restart
                0x000061b4       0x30 contiki-sky.a(ctimer.o)
                0x000061b4                ctimer_restart
 .text.ctimer_stop
                0x000061e4       0x28 contiki-sky.a(ctimer.o)
                0x000061e4                ctimer_stop
 .text.energest_init
                0x0000620c       0x26 contiki-sky.a(energest.o)
                0x0000620c                energest_init
 .text.energest_type_time
                0x00006232       0x48 contiki-sky.a(energest.o)
                0x00006232                energest_type_time
 .text.energest_type_set
                0x0000627a        0xe contiki-sky.a(energest.o)
                0x0000627a                energest_type_set
 .text.energest_flush
                0x00006288       0x48 contiki-sky.a(energest.o)
                0x00006288                energest_flush
 .text.update_time
                0x000062d0       0x78 contiki-sky.a(etimer.o)
 .text.etimer_request_poll
                0x00006348        0xa contiki-sky.a(etimer.o)
                0x00006348                etimer_request_poll
 .text.process_thread_etimer_process
                0x00006352       0xcc contiki-sky.a(etimer.o)
 .text.add_timer
                0x0000641e       0x40 contiki-sky.a(etimer.o)
 .text.etimer_set
                0x0000645e       0x12 contiki-sky.a(etimer.o)
                0x0000645e                etimer_set
 .text.etimer_reset
                0x00006470       0x12 contiki-sky.a(etimer.o)
                0x00006470                etimer_reset
 .text.etimer_restart
                0x00006482       0x12 contiki-sky.a(etimer.o)
                0x00006482                etimer_restart
 .text.etimer_expired
                0x00006494        0xe contiki-sky.a(etimer.o)
                0x00006494                etimer_expired
 .text.etimer_expiration_time
                0x000064a2       0x14 contiki-sky.a(etimer.o)
                0x000064a2                etimer_expiration_time
 .text.etimer_pending
                0x000064b6        0xc contiki-sky.a(etimer.o)
                0x000064b6                etimer_pending
 .text.etimer_next_expiration_time
                0x000064c2       0x16 contiki-sky.a(etimer.o)
                0x000064c2                etimer_next_expiration_time
 .text.etimer_stop
                0x000064d8       0x3e contiki-sky.a(etimer.o)
                0x000064d8                etimer_stop
 .text.call_process
                0x00006516       0x46 contiki-sky.a(process.o)
 .text.exit_process
                0x0000655c       0x96 contiki-sky.a(process.o)
 .text.do_poll  0x000065f2       0x30 contiki-sky.a(process.o)
 .text.process_alloc_event
                0x00006622        0xe contiki-sky.a(process.o)
                0x00006622                process_alloc_event
 .text.process_init
                0x00006630       0x1c contiki-sky.a(process.o)
                0x00006630                process_init
 .text.process_run
                0x0000664c       0x92 contiki-sky.a(process.o)
                0x0000664c                process_run
 .text.process_nevents
                0x000066de        0xe contiki-sky.a(process.o)
                0x000066de                process_nevents
 .text.process_post
                0x000066ec       0x4e contiki-sky.a(process.o)
                0x000066ec                process_post
 .text.process_post_synch
                0x0000673a       0x12 contiki-sky.a(process.o)
                0x0000673a                process_post_synch
 .text.process_start
                0x0000674c       0x36 contiki-sky.a(process.o)
                0x0000674c                process_start
 .text.process_poll
                0x00006782       0x18 contiki-sky.a(process.o)
                0x00006782                process_poll
 .text.process_is_running
                0x0000679a        0xe contiki-sky.a(process.o)
                0x0000679a                process_is_running
 .text.rtimer_init
                0x000067a8        0x6 contiki-sky.a(rtimer.o)
                0x000067a8                rtimer_init
 .text.rtimer_run_next
                0x000067ae       0x26 contiki-sky.a(rtimer.o)
                0x000067ae                rtimer_run_next
 .text.timer_set
                0x000067d4       0x1c contiki-sky.a(timer.o)
                0x000067d4                timer_set
 .text.timer_reset
                0x000067f0        0xe contiki-sky.a(timer.o)
                0x000067f0                timer_reset
 .text.timer_restart
                0x000067fe       0x14 contiki-sky.a(timer.o)
                0x000067fe                timer_restart
 .text.timer_expired
                0x00006812       0x2a contiki-sky.a(timer.o)
                0x00006812                timer_expired
 .text.list_init
                0x0000683c        0x6 contiki-sky.a(list.o)
                0x0000683c                list_init
 .text.list_head
                0x00006842        0x4 contiki-sky.a(list.o)
                0x00006842                list_head
 .text.list_tail
                0x00006846       0x12 contiki-sky.a(list.o)
                0x00006846                list_tail
 .text.list_remove
                0x00006858       0x34 contiki-sky.a(list.o)
                0x00006858                list_remove
 .text.list_push
                0x0000688c       0x1a contiki-sky.a(list.o)
                0x0000688c                list_push
 .text.list_add
                0x000068a6       0x2a contiki-sky.a(list.o)
                0x000068a6                list_add
 .text.list_length
                0x000068d0       0x10 contiki-sky.a(list.o)
                0x000068d0                list_length
 .text.list_item_next
                0x000068e0        0xc contiki-sky.a(list.o)
                0x000068e0                list_item_next
 .text.random_init
                0x000068ec        0x6 contiki-sky.a(random.o)
                0x000068ec                random_init
 .text.random_rand
                0x000068f2        0x6 contiki-sky.a(random.o)
                0x000068f2                random_rand
 .text.uip_ds6_list_loop
                0x000068f8       0x86 contiki-sky.a(uip-ds6.o)
                0x000068f8                uip_ds6_list_loop
 .text.uip_ds6_prefix_add
                0x0000697e       0x80 contiki-sky.a(uip-ds6.o)
                0x0000697e                uip_ds6_prefix_add
 .text.uip_ds6_is_addr_onlink
                0x000069fe       0x54 contiki-sky.a(uip-ds6.o)
                0x000069fe                uip_ds6_is_addr_onlink
 .text.uip_ds6_addr_lookup
                0x00006a52       0x2a contiki-sky.a(uip-ds6.o)
                0x00006a52                uip_ds6_addr_lookup
 .text.uip_ds6_get_link_local
                0x00006a7c       0x3e contiki-sky.a(uip-ds6.o)
                0x00006a7c                uip_ds6_get_link_local
 .text.uip_ds6_maddr_add
                0x00006aba       0x4c contiki-sky.a(uip-ds6.o)
                0x00006aba                uip_ds6_maddr_add
 .text.uip_ds6_addr_add
                0x00006b06       0xc4 contiki-sky.a(uip-ds6.o)
                0x00006b06                uip_ds6_addr_add
 .text.uip_ds6_maddr_rm
                0x00006bca        0xa contiki-sky.a(uip-ds6.o)
                0x00006bca                uip_ds6_maddr_rm
 .text.uip_ds6_maddr_lookup
                0x00006bd4       0x2a contiki-sky.a(uip-ds6.o)
                0x00006bd4                uip_ds6_maddr_lookup
 .text.uip_ds6_addr_rm
                0x00006bfe       0x54 contiki-sky.a(uip-ds6.o)
                0x00006bfe                uip_ds6_addr_rm
 .text.uip_ds6_periodic
                0x00006c52       0x46 contiki-sky.a(uip-ds6.o)
                0x00006c52                uip_ds6_periodic
 .text.uip_ds6_set_addr_iid
                0x00006c98       0x14 contiki-sky.a(uip-ds6.o)
                0x00006c98                uip_ds6_set_addr_iid
 .text.get_match_length
                0x00006cac       0x44 contiki-sky.a(uip-ds6.o)
                0x00006cac                get_match_length
 .text.uip_ds6_select_src
                0x00006cf0       0xaa contiki-sky.a(uip-ds6.o)
                0x00006cf0                uip_ds6_select_src
 .text.uip_ds6_compute_reachable_time
                0x00006d9a       0x3e contiki-sky.a(uip-ds6.o)
                0x00006d9a                uip_ds6_compute_reachable_time
 .text.uip_ds6_init
                0x00006dd8      0x154 contiki-sky.a(uip-ds6.o)
                0x00006dd8                uip_ds6_init
 .text.call_route_callback
                0x00006f2c       0x4c contiki-sky.a(uip-ds6-route.o)
 .text.uip_ds6_route_init
                0x00006f78       0x36 contiki-sky.a(uip-ds6-route.o)
                0x00006f78                uip_ds6_route_init
 .text.uip_ds6_route_nexthop
                0x00006fae       0x1a contiki-sky.a(uip-ds6-route.o)
                0x00006fae                uip_ds6_route_nexthop
 .text.uip_ds6_route_head
                0x00006fc8        0xa contiki-sky.a(uip-ds6-route.o)
                0x00006fc8                uip_ds6_route_head
 .text.uip_ds6_route_next
                0x00006fd2        0xe contiki-sky.a(uip-ds6-route.o)
                0x00006fd2                uip_ds6_route_next
 .text.uip_ds6_route_is_nexthop
                0x00006fe0       0x22 contiki-sky.a(uip-ds6-route.o)
                0x00006fe0                uip_ds6_route_is_nexthop
 .text.uip_ds6_route_lookup
                0x00007002       0x8c contiki-sky.a(uip-ds6-route.o)
                0x00007002                uip_ds6_route_lookup
 .text.uip_ds6_route_rm
                0x0000708e       0xa6 contiki-sky.a(uip-ds6-route.o)
                0x0000708e                uip_ds6_route_rm
 .text.rm_routelist
                0x00007134       0x34 contiki-sky.a(uip-ds6-route.o)
 .text.rm_routelist_callback
                0x00007168        0x6 contiki-sky.a(uip-ds6-route.o)
 .text.uip_ds6_route_add
                0x0000716e      0x110 contiki-sky.a(uip-ds6-route.o)
                0x0000716e                uip_ds6_route_add
 .text.uip_ds6_defrt_rm
                0x0000727e       0x48 contiki-sky.a(uip-ds6-route.o)
                0x0000727e                uip_ds6_defrt_rm
 .text.uip_ds6_defrt_lookup
                0x000072c6       0x36 contiki-sky.a(uip-ds6-route.o)
                0x000072c6                uip_ds6_defrt_lookup
 .text.uip_ds6_defrt_add
                0x000072fc       0x74 contiki-sky.a(uip-ds6-route.o)
                0x000072fc                uip_ds6_defrt_add
 .text.uip_ds6_defrt_choose
                0x00007370       0x3a contiki-sky.a(uip-ds6-route.o)
                0x00007370                uip_ds6_defrt_choose
 .text.uip_ds6_defrt_periodic
                0x000073aa       0x38 contiki-sky.a(uip-ds6-route.o)
                0x000073aa                uip_ds6_defrt_periodic
 .text.chksum   0x000073e2       0x32 contiki-sky.a(uip6.o)
 .text.upper_layer_chksum
                0x00007414       0x56 contiki-sky.a(uip6.o)
 .text.ext_hdr_options_process
                0x0000746a       0xd0 contiki-sky.a(uip6.o)
 .text.uip_add32
                0x0000753a       0x68 contiki-sky.a(uip6.o)
                0x0000753a                uip_add32
 .text.uip_add_rcv_nxt
                0x000075a2       0x2e contiki-sky.a(uip6.o)
 .text.uip_icmp6chksum
                0x000075d0        0xa contiki-sky.a(uip6.o)
                0x000075d0                uip_icmp6chksum
 .text.uip_tcpchksum
                0x000075da        0xa contiki-sky.a(uip6.o)
                0x000075da                uip_tcpchksum
 .text.uip_udpchksum
                0x000075e4        0xa contiki-sky.a(uip6.o)
                0x000075e4                uip_udpchksum
 .text.uip_init
                0x000075ee       0x56 contiki-sky.a(uip6.o)
                0x000075ee                uip_init
 .text.remove_ext_hdr
                0x00007644       0x54 contiki-sky.a(uip6.o)
                0x00007644                remove_ext_hdr
 .text.uip_udp_new
                0x00007698       0xae contiki-sky.a(uip6.o)
                0x00007698                uip_udp_new
 .text.uip_unlisten
                0x00007746       0x1a contiki-sky.a(uip6.o)
                0x00007746                uip_unlisten
 .text.uip_process
                0x00007760      0xe08 contiki-sky.a(uip6.o)
                0x00007760                uip_process
 .text.uip_htonl
                0x00008568       0x2e contiki-sky.a(uip6.o)
                0x00008568                uip_htonl
 .text.uip_ds6_nbr_rm
                0x00008596       0x1e contiki-sky.a(uip-ds6-nbr.o)
                0x00008596                uip_ds6_nbr_rm
 .text.uip_ds6_neighbors_init
                0x000085b4       0x12 contiki-sky.a(uip-ds6-nbr.o)
                0x000085b4                uip_ds6_neighbors_init
 .text.uip_ds6_nbr_add
                0x000085c6       0x3e contiki-sky.a(uip-ds6-nbr.o)
                0x000085c6                uip_ds6_nbr_add
 .text.uip_ds6_nbr_get_ll
                0x00008604        0xc contiki-sky.a(uip-ds6-nbr.o)
                0x00008604                uip_ds6_nbr_get_ll
 .text.uip_ds6_nbr_lookup
                0x00008610       0x42 contiki-sky.a(uip-ds6-nbr.o)
                0x00008610                uip_ds6_nbr_lookup
 .text.uip_ds6_nbr_ll_lookup
                0x00008652        0xc contiki-sky.a(uip-ds6-nbr.o)
                0x00008652                uip_ds6_nbr_ll_lookup
 .text.uip_ds6_nbr_ipaddr_from_lladdr
                0x0000865e        0x6 contiki-sky.a(uip-ds6-nbr.o)
                0x0000865e                uip_ds6_nbr_ipaddr_from_lladdr
 .text.uip_ds6_nbr_lladdr_from_ipaddr
                0x00008664       0x12 contiki-sky.a(uip-ds6-nbr.o)
                0x00008664                uip_ds6_nbr_lladdr_from_ipaddr
 .text.uip_ds6_link_neighbor_callback
                0x00008676       0x36 contiki-sky.a(uip-ds6-nbr.o)
                0x00008676                uip_ds6_link_neighbor_callback
 .text.uip_nd6_init
                0x000086ac        0x2 contiki-sky.a(uip-nd6.o)
                0x000086ac                uip_nd6_init
 .text.clear_fragments
                0x000086ae       0x40 contiki-sky.a(sicslowpan.o)
 .text.set_packet_attrs
                0x000086ee       0x46 contiki-sky.a(sicslowpan.o)
 .text.addr_context_lookup_by_number
                0x00008734       0x32 contiki-sky.a(sicslowpan.o)
 .text.compress_addr_64
                0x00008766       0xae contiki-sky.a(sicslowpan.o)
 .text.store_fragment
                0x00008814       0xc8 contiki-sky.a(sicslowpan.o)
 .text.uncompress_addr
                0x000088dc       0xb4 contiki-sky.a(sicslowpan.o)
 .text.sicslowpan_init
                0x00008990       0x24 contiki-sky.a(sicslowpan.o)
                0x00008990                sicslowpan_init
 .text.addr_context_lookup_by_prefix
                0x000089b4       0x4c contiki-sky.a(sicslowpan.o)
 .text.packet_sent
                0x00008a00       0x22 contiki-sky.a(sicslowpan.o)
 .text.add_fragment
                0x00008a22      0x1ec contiki-sky.a(sicslowpan.o)
 .text.input    0x00008c0e      0x6dc contiki-sky.a(sicslowpan.o)
 .text.send_packet
                0x000092ea       0x1a contiki-sky.a(sicslowpan.o)
 .text.output   0x00009304      0x6bc contiki-sky.a(sicslowpan.o)
 .text.uip_debug_ipaddr_print
                0x000099c0       0xc8 contiki-sky.a(uip-debug.o)
                0x000099c0                uip_debug_ipaddr_print
 .text.uip_udp_packet_send
                0x00009a88       0x2a contiki-sky.a(uip-udp-packet.)
                0x00009a88                uip_udp_packet_send
 .text.uip_udp_packet_sendto
                0x00009ab2       0x66 contiki-sky.a(uip-udp-packet.)
                0x00009ab2                uip_udp_packet_sendto
 .text.start_periodic_tcp_timer
                0x00009b18       0x16 contiki-sky.a(tcpip.o)
 .text.tcpip_output
                0x00009b2e       0x10 contiki-sky.a(tcpip.o)
                0x00009b2e                tcpip_output
 .text.tcpip_set_outputfunc
                0x00009b3e        0x6 contiki-sky.a(tcpip.o)
                0x00009b3e                tcpip_set_outputfunc
 .text.udp_new  0x00009b44       0x1a contiki-sky.a(tcpip.o)
                0x00009b44                udp_new
 .text.tcpip_input
                0x00009b5e       0x16 contiki-sky.a(tcpip.o)
                0x00009b5e                tcpip_input
 .text.tcpip_ipv6_output
                0x00009b74       0xcc contiki-sky.a(tcpip.o)
                0x00009b74                tcpip_ipv6_output
 .text.process_thread_tcpip_process
                0x00009c40      0x1bc contiki-sky.a(tcpip.o)
 .text.tcpip_uipcall
                0x00009dfc       0x62 contiki-sky.a(tcpip.o)
                0x00009dfc                tcpip_uipcall
 .text.lollipop_greater_than
                0x00009e5e       0x3c contiki-sky.a(rpl-dag.o)
 .text.find_parent_any_dag_any_instance
                0x00009e9a       0x14 contiki-sky.a(rpl-dag.o)
 .text.rpl_set_preferred_parent
                0x00009eae       0x30 contiki-sky.a(rpl-dag.o)
 .text.set_ip_from_prefix
                0x00009ede       0x38 contiki-sky.a(rpl-dag.o)
 .text.check_prefix
                0x00009f16       0x80 contiki-sky.a(rpl-dag.o)
 .text.rpl_dag_init
                0x00009f96        0xe contiki-sky.a(rpl-dag.o)
                0x00009f96                rpl_dag_init
 .text.rpl_get_parent
                0x00009fa4        0xc contiki-sky.a(rpl-dag.o)
                0x00009fa4                rpl_get_parent
 .text.rpl_rank_via_parent
                0x00009fb0       0x2a contiki-sky.a(rpl-dag.o)
                0x00009fb0                rpl_rank_via_parent
 .text.rpl_get_parent_lladdr
                0x00009fda        0xc contiki-sky.a(rpl-dag.o)
                0x00009fda                rpl_get_parent_lladdr
 .text.rpl_get_parent_ipaddr
                0x00009fe6        0xa contiki-sky.a(rpl-dag.o)
                0x00009fe6                rpl_get_parent_ipaddr
 .text.rpl_get_parent_link_stats
                0x00009ff0        0xa contiki-sky.a(rpl-dag.o)
                0x00009ff0                rpl_get_parent_link_stats
 .text.rpl_parent_is_fresh
                0x00009ffa        0xa contiki-sky.a(rpl-dag.o)
                0x00009ffa                rpl_parent_is_fresh
 .text.best_parent
                0x0000a004       0x76 contiki-sky.a(rpl-dag.o)
 .text.rpl_parent_is_reachable
                0x0000a07a       0x4a contiki-sky.a(rpl-dag.o)
                0x0000a07a                rpl_parent_is_reachable
 .text.rpl_set_prefix
                0x0000a0c4       0x8e contiki-sky.a(rpl-dag.o)
                0x0000a0c4                rpl_set_prefix
 .text.rpl_set_default_route
                0x0000a152       0x3e contiki-sky.a(rpl-dag.o)
                0x0000a152                rpl_set_default_route
 .text.rpl_alloc_instance
                0x0000a190       0x34 contiki-sky.a(rpl-dag.o)
                0x0000a190                rpl_alloc_instance
 .text.rpl_add_parent
                0x0000a1c4       0x3e contiki-sky.a(rpl-dag.o)
                0x0000a1c4                rpl_add_parent
 .text.rpl_find_parent
                0x0000a202       0x1a contiki-sky.a(rpl-dag.o)
                0x0000a202                rpl_find_parent
 .text.rpl_find_parent_any_dag
                0x0000a21c       0x22 contiki-sky.a(rpl-dag.o)
                0x0000a21c                rpl_find_parent_any_dag
 .text.rpl_select_parent
                0x0000a23e       0x66 contiki-sky.a(rpl-dag.o)
                0x0000a23e                rpl_select_parent
 .text.rpl_select_dag
                0x0000a2a4      0x1a6 contiki-sky.a(rpl-dag.o)
                0x0000a2a4                rpl_select_dag
 .text.rpl_nullify_parent
                0x0000a44a       0x60 contiki-sky.a(rpl-dag.o)
                0x0000a44a                rpl_nullify_parent
 .text.rpl_remove_parent
                0x0000a4aa       0x16 contiki-sky.a(rpl-dag.o)
                0x0000a4aa                rpl_remove_parent
 .text.nbr_callback
                0x0000a4c0        0x6 contiki-sky.a(rpl-dag.o)
 .text.remove_parents.constprop.4
                0x0000a4c6       0x30 contiki-sky.a(rpl-dag.o)
 .text.rpl_free_dag
                0x0000a4f6       0x42 contiki-sky.a(rpl-dag.o)
                0x0000a4f6                rpl_free_dag
 .text.rpl_move_parent
                0x0000a538       0x68 contiki-sky.a(rpl-dag.o)
                0x0000a538                rpl_move_parent
 .text.rpl_get_any_dag
                0x0000a5a0       0x16 contiki-sky.a(rpl-dag.o)
                0x0000a5a0                rpl_get_any_dag
 .text.rpl_get_instance
                0x0000a5b6       0x16 contiki-sky.a(rpl-dag.o)
                0x0000a5b6                rpl_get_instance
 .text.rpl_alloc_dag
                0x0000a5cc       0x64 contiki-sky.a(rpl-dag.o)
                0x0000a5cc                rpl_alloc_dag
 .text.rpl_repair_root
                0x0000a630       0x4c contiki-sky.a(rpl-dag.o)
                0x0000a630                rpl_repair_root
 .text.rpl_find_of
                0x0000a67c       0x10 contiki-sky.a(rpl-dag.o)
                0x0000a67c                rpl_find_of
 .text.rpl_join_instance
                0x0000a68c      0x156 contiki-sky.a(rpl-dag.o)
                0x0000a68c                rpl_join_instance
 .text.rpl_local_repair
                0x0000a7e2       0x98 contiki-sky.a(rpl-dag.o)
                0x0000a7e2                rpl_local_repair
 .text.rpl_process_parent_event
                0x0000a87a       0xc0 contiki-sky.a(rpl-dag.o)
                0x0000a87a                rpl_process_parent_event
 .text.rpl_recalculate_ranks
                0x0000a93a       0x44 contiki-sky.a(rpl-dag.o)
                0x0000a93a                rpl_recalculate_ranks
 .text.rpl_add_dag
                0x0000a97e      0x114 contiki-sky.a(rpl-dag.o)
                0x0000a97e                rpl_add_dag
 .text.rpl_process_dio
                0x0000aa92      0x342 contiki-sky.a(rpl-dag.o)
                0x0000aa92                rpl_process_dio
 .text.handle_unicast_dio_timer
                0x0000add4       0x1c contiki-sky.a(rpl-timers.o)
 .text.new_dio_interval
                0x0000adf0       0x92 contiki-sky.a(rpl-timers.o)
 .text.set_dao_lifetime_timer
                0x0000ae82       0x8c contiki-sky.a(rpl-timers.o)
 .text.handle_periodic_timer
                0x0000af0e       0x50 contiki-sky.a(rpl-timers.o)
 .text.schedule_dao
                0x0000af5e       0x82 contiki-sky.a(rpl-timers.o)
 .text.handle_dio_timer
                0x0000afe0       0x88 contiki-sky.a(rpl-timers.o)
 .text.handle_dao_timer
                0x0000b068       0x64 contiki-sky.a(rpl-timers.o)
 .text.rpl_reset_periodic_timer
                0x0000b0cc       0x54 contiki-sky.a(rpl-timers.o)
                0x0000b0cc                rpl_reset_periodic_timer
 .text.rpl_reset_dio_timer
                0x0000b120       0x18 contiki-sky.a(rpl-timers.o)
                0x0000b120                rpl_reset_dio_timer
 .text.rpl_schedule_dao
                0x0000b138        0xc contiki-sky.a(rpl-timers.o)
                0x0000b138                rpl_schedule_dao
 .text.rpl_schedule_unicast_dio_immediately
                0x0000b144       0x16 contiki-sky.a(rpl-timers.o)
                0x0000b144                rpl_schedule_unicast_dio_immediately
 .text.get_probing_delay
                0x0000b15a       0x40 contiki-sky.a(rpl-timers.o)
                0x0000b15a                get_probing_delay
 .text.get_probing_target
                0x0000b19a       0xfa contiki-sky.a(rpl-timers.o)
                0x0000b19a                get_probing_target
 .text.rpl_schedule_probing
                0x0000b294       0x26 contiki-sky.a(rpl-timers.o)
                0x0000b294                rpl_schedule_probing
 .text.handle_probing_timer
                0x0000b2ba       0x3c contiki-sky.a(rpl-timers.o)
 .text.update_hbh_header
                0x0000b2f6       0xcc contiki-sky.a(rpl-ext-header.)
 .text.insert_hbh_header
                0x0000b3c2       0x9c contiki-sky.a(rpl-ext-header.)
 .text.rpl_verify_hbh_header
                0x0000b45e      0x100 contiki-sky.a(rpl-ext-header.)
                0x0000b45e                rpl_verify_hbh_header
 .text.rpl_remove_header
                0x0000b55e       0x7a contiki-sky.a(rpl-ext-header.)
                0x0000b55e                rpl_remove_header
 .text.rpl_update_header
                0x0000b5d8       0x54 contiki-sky.a(rpl-ext-header.)
                0x0000b5d8                rpl_update_header
 .text.rpl_get_mode
                0x0000b62c        0x6 contiki-sky.a(rpl.o)
                0x0000b62c                rpl_get_mode
 .text.rpl_purge_routes
                0x0000b632       0x96 contiki-sky.a(rpl.o)
                0x0000b632                rpl_purge_routes
 .text.rpl_remove_routes
                0x0000b6c8       0x22 contiki-sky.a(rpl.o)
                0x0000b6c8                rpl_remove_routes
 .text.rpl_remove_routes_by_nexthop
                0x0000b6ea       0x46 contiki-sky.a(rpl.o)
                0x0000b6ea                rpl_remove_routes_by_nexthop
 .text.rpl_add_route
                0x0000b730       0x48 contiki-sky.a(rpl.o)
                0x0000b730                rpl_add_route
 .text.rpl_link_neighbor_callback
                0x0000b778       0x4c contiki-sky.a(rpl.o)
                0x0000b778                rpl_link_neighbor_callback
 .text.rpl_ipv6_neighbor_callback
                0x0000b7c4       0x1e contiki-sky.a(rpl.o)
                0x0000b7c4                rpl_ipv6_neighbor_callback
 .text.rpl_purge_dags
                0x0000b7e2       0x70 contiki-sky.a(rpl.o)
                0x0000b7e2                rpl_purge_dags
 .text.rpl_init
                0x0000b852       0x44 contiki-sky.a(rpl.o)
                0x0000b852                rpl_init
 .text.reset    0x0000b896        0x2 contiki-sky.a(rpl-mrhof.o)
 .text.update_metric_container
                0x0000b898        0x6 contiki-sky.a(rpl-mrhof.o)
 .text.parent_link_metric
                0x0000b89e       0x10 contiki-sky.a(rpl-mrhof.o)
 .text.parent_has_usable_link
                0x0000b8ae       0x14 contiki-sky.a(rpl-mrhof.o)
 .text.best_dag
                0x0000b8c2       0x2e contiki-sky.a(rpl-mrhof.o)
 .text.parent_path_cost
                0x0000b8f0       0x44 contiki-sky.a(rpl-mrhof.o)
 .text.parent_is_acceptable
                0x0000b934       0x2e contiki-sky.a(rpl-mrhof.o)
 .text.rank_via_parent
                0x0000b962       0x56 contiki-sky.a(rpl-mrhof.o)
 .text.best_parent
                0x0000b9b8       0x82 contiki-sky.a(rpl-mrhof.o)
 .text.get32    0x0000ba3a       0x46 contiki-sky.a(rpl-icmp6.o)
 .text.set32    0x0000ba80       0x2a contiki-sky.a(rpl-icmp6.o)
 .text.get16    0x0000baaa        0xe contiki-sky.a(rpl-icmp6.o)
 .text.set16    0x0000bab8       0x10 contiki-sky.a(rpl-icmp6.o)
 .text.dao_ack_input
                0x0000bac8        0xa contiki-sky.a(rpl-icmp6.o)
 .text.dio_input
                0x0000bad2      0x2aa contiki-sky.a(rpl-icmp6.o)
 .text.rpl_icmp6_update_nbr_table
                0x0000bd7c       0x30 contiki-sky.a(rpl-icmp6.o)
                0x0000bd7c                rpl_icmp6_update_nbr_table
 .text.dao_input
                0x0000bdac      0x2c6 contiki-sky.a(rpl-icmp6.o)
 .text.dis_output
                0x0000c072       0x50 contiki-sky.a(rpl-icmp6.o)
                0x0000c072                dis_output
 .text.dio_output
                0x0000c0c2      0x272 contiki-sky.a(rpl-icmp6.o)
                0x0000c0c2                dio_output
 .text.dis_input
                0x0000c334       0x3e contiki-sky.a(rpl-icmp6.o)
 .text.dao_output_target
                0x0000c372      0x10e contiki-sky.a(rpl-icmp6.o)
                0x0000c372                dao_output_target
 .text.dao_output
                0x0000c480       0xb4 contiki-sky.a(rpl-icmp6.o)
                0x0000c480                dao_output
 .text.rpl_icmp6_register_handlers
                0x0000c534       0x22 contiki-sky.a(rpl-icmp6.o)
                0x0000c534                rpl_icmp6_register_handlers
 .text.input_packet
                0x0000c556        0x6 contiki-sky.a(csma.o)
 .text.on       0x0000c55c        0x6 contiki-sky.a(csma.o)
 .text.off      0x0000c562        0x6 contiki-sky.a(csma.o)
 .text.channel_check_interval
                0x0000c568       0x10 contiki-sky.a(csma.o)
 .text.transmit_packet_list
                0x0000c578       0x24 contiki-sky.a(csma.o)
 .text.schedule_transmission
                0x0000c59c       0x96 contiki-sky.a(csma.o)
 .text.init     0x0000c632       0x1a contiki-sky.a(csma.o)
 .text.tx_done  0x0000c64c       0x94 contiki-sky.a(csma.o)
 .text.send_packet
                0x0000c6e0      0x164 contiki-sky.a(csma.o)
 .text.packet_sent
                0x0000c844       0xd6 contiki-sky.a(csma.o)
 .text.mac_call_sent_callback
                0x0000c91a       0x14 contiki-sky.a(mac.o)
                0x0000c91a                mac_call_sent_callback
 .text.create_frame.isra.0
                0x0000c92e      0x118 contiki-sky.a(framer-802154.o)
 .text.create   0x0000ca46        0x8 contiki-sky.a(framer-802154.o)
 .text.hdr_length
                0x0000ca4e        0x8 contiki-sky.a(framer-802154.o)
 .text.parse    0x0000ca56       0x9e contiki-sky.a(framer-802154.o)
 .text.on       0x0000caf4        0x6 contiki-sky.a(nullrdc.o)
 .text.channel_check_interval
                0x0000cafa        0x4 contiki-sky.a(nullrdc.o)
 .text.init     0x0000cafe        0x6 contiki-sky.a(nullrdc.o)
 .text.off      0x0000cb04       0x10 contiki-sky.a(nullrdc.o)
 .text.packet_input
                0x0000cb14       0x28 contiki-sky.a(nullrdc.o)
 .text.send_one_packet
                0x0000cb3c       0x6a contiki-sky.a(nullrdc.o)
 .text.send_list
                0x0000cba6       0x30 contiki-sky.a(nullrdc.o)
 .text.send_packet
                0x0000cbd6        0x6 contiki-sky.a(nullrdc.o)
 .text.queuebuf_init
                0x0000cbdc       0x12 contiki-sky.a(queuebuf.o)
                0x0000cbdc                queuebuf_init
 .text.queuebuf_numfree
                0x0000cbee        0xa contiki-sky.a(queuebuf.o)
                0x0000cbee                queuebuf_numfree
 .text.queuebuf_new_from_packetbuf
                0x0000cbf8       0x52 contiki-sky.a(queuebuf.o)
                0x0000cbf8                queuebuf_new_from_packetbuf
 .text.queuebuf_update_attr_from_packetbuf
                0x0000cc4a       0x12 contiki-sky.a(queuebuf.o)
                0x0000cc4a                queuebuf_update_attr_from_packetbuf
 .text.queuebuf_free
                0x0000cc5c       0x2a contiki-sky.a(queuebuf.o)
                0x0000cc5c                queuebuf_free
 .text.queuebuf_to_packetbuf
                0x0000cc86       0x32 contiki-sky.a(queuebuf.o)
                0x0000cc86                queuebuf_to_packetbuf
 .text.queuebuf_attr
                0x0000ccb8        0xe contiki-sky.a(queuebuf.o)
                0x0000ccb8                queuebuf_attr
 .text.key_from_index
                0x0000ccc6       0x18 contiki-sky.a(nbr-table.o)
 .text.item_from_index
                0x0000ccde       0x2a contiki-sky.a(nbr-table.o)
 .text.index_from_key
                0x0000cd08       0x26 contiki-sky.a(nbr-table.o)
 .text.index_from_item
                0x0000cd2e       0x1e contiki-sky.a(nbr-table.o)
 .text.nbr_set_bit
                0x0000cd4c       0x58 contiki-sky.a(nbr-table.o)
 .text.index_from_lladdr
                0x0000cda4       0x42 contiki-sky.a(nbr-table.o)
 .text.nbr_get_bit.constprop.0
                0x0000cde6       0x2e contiki-sky.a(nbr-table.o)
 .text.remove_key
                0x0000ce14       0x66 contiki-sky.a(nbr-table.o)
 .text.nbr_table_register
                0x0000ce7a       0x26 contiki-sky.a(nbr-table.o)
                0x0000ce7a                nbr_table_register
 .text.nbr_table_next
                0x0000cea0       0x3e contiki-sky.a(nbr-table.o)
                0x0000cea0                nbr_table_next
 .text.nbr_table_head
                0x0000cede       0x3a contiki-sky.a(nbr-table.o)
                0x0000cede                nbr_table_head
 .text.nbr_table_add_lladdr
                0x0000cf18      0x110 contiki-sky.a(nbr-table.o)
                0x0000cf18                nbr_table_add_lladdr
 .text.nbr_table_get_from_lladdr
                0x0000d028       0x2c contiki-sky.a(nbr-table.o)
                0x0000d028                nbr_table_get_from_lladdr
 .text.nbr_table_remove
                0x0000d054       0x32 contiki-sky.a(nbr-table.o)
                0x0000d054                nbr_table_remove
 .text.nbr_table_lock
                0x0000d086       0x10 contiki-sky.a(nbr-table.o)
                0x0000d086                nbr_table_lock
 .text.nbr_table_unlock
                0x0000d096       0x10 contiki-sky.a(nbr-table.o)
                0x0000d096                nbr_table_unlock
 .text.nbr_table_get_lladdr
                0x0000d0a6       0x14 contiki-sky.a(nbr-table.o)
                0x0000d0a6                nbr_table_get_lladdr
 .text.packetbuf_hdrreduce
                0x0000d0ba       0x1a contiki-sky.a(packetbuf.o)
                0x0000d0ba                packetbuf_hdrreduce
 .text.packetbuf_set_datalen
                0x0000d0d4        0x6 contiki-sky.a(packetbuf.o)
                0x0000d0d4                packetbuf_set_datalen
 .text.packetbuf_hdrptr
                0x0000d0da        0x6 contiki-sky.a(packetbuf.o)
                0x0000d0da                packetbuf_hdrptr
 .text.packetbuf_datalen
                0x0000d0e0        0x6 contiki-sky.a(packetbuf.o)
                0x0000d0e0                packetbuf_datalen
 .text.packetbuf_hdrlen
                0x0000d0e6        0xa contiki-sky.a(packetbuf.o)
                0x0000d0e6                packetbuf_hdrlen
 .text.packetbuf_dataptr
                0x0000d0f0        0xc contiki-sky.a(packetbuf.o)
                0x0000d0f0                packetbuf_dataptr
 .text.packetbuf_copyto
                0x0000d0fc       0x46 contiki-sky.a(packetbuf.o)
                0x0000d0fc                packetbuf_copyto
 .text.packetbuf_totlen
                0x0000d142        0xc contiki-sky.a(packetbuf.o)
                0x0000d142                packetbuf_totlen
 .text.packetbuf_hdralloc
                0x0000d14e       0x3c contiki-sky.a(packetbuf.o)
                0x0000d14e                packetbuf_hdralloc
 .text.packetbuf_attr_clear
                0x0000d18a       0x28 contiki-sky.a(packetbuf.o)
                0x0000d18a                packetbuf_attr_clear
 .text.packetbuf_clear
                0x0000d1b2       0x12 contiki-sky.a(packetbuf.o)
                0x0000d1b2                packetbuf_clear
 .text.packetbuf_copyfrom
                0x0000d1c4       0x2e contiki-sky.a(packetbuf.o)
                0x0000d1c4                packetbuf_copyfrom
 .text.packetbuf_attr_copyto
                0x0000d1f2       0x22 contiki-sky.a(packetbuf.o)
                0x0000d1f2                packetbuf_attr_copyto
 .text.packetbuf_attr_copyfrom
                0x0000d214       0x24 contiki-sky.a(packetbuf.o)
                0x0000d214                packetbuf_attr_copyfrom
 .text.packetbuf_holds_broadcast
                0x0000d238        0xe contiki-sky.a(packetbuf.o)
                0x0000d238                packetbuf_holds_broadcast
 .text.linkaddr_copy
                0x0000d246        0x8 contiki-sky.a(linkaddr.o)
                0x0000d246                linkaddr_copy
 .text.linkaddr_cmp
                0x0000d24e       0x12 contiki-sky.a(linkaddr.o)
                0x0000d24e                linkaddr_cmp
 .text.linkaddr_set_node_addr
                0x0000d260        0xc contiki-sky.a(linkaddr.o)
                0x0000d260                linkaddr_set_node_addr
 .text.periodic
                0x0000d26c       0x28 contiki-sky.a(link-stats.o)
 .text.link_stats_from_lladdr
                0x0000d294        0xc contiki-sky.a(link-stats.o)
                0x0000d294                link_stats_from_lladdr
 .text.link_stats_is_fresh
                0x0000d2a0       0x32 contiki-sky.a(link-stats.o)
                0x0000d2a0                link_stats_is_fresh
 .text.link_stats_packet_sent
                0x0000d2d2       0xd6 contiki-sky.a(link-stats.o)
                0x0000d2d2                link_stats_packet_sent
 .text.link_stats_input_callback
                0x0000d3a8       0xb2 contiki-sky.a(link-stats.o)
                0x0000d3a8                link_stats_input_callback
 .text.link_stats_init
                0x0000d45a       0x22 contiki-sky.a(link-stats.o)
                0x0000d45a                link_stats_init
 .text.init     0x0000d47c        0x2 contiki-sky.a(nullsec.o)
 .text.send     0x0000d47e        0xa contiki-sky.a(nullsec.o)
 .text.input    0x0000d488        0x6 contiki-sky.a(nullsec.o)
 .text.crc8_add
                0x0000d48e       0x1c contiki-sky.a(sht11.o)
 .text.sstart   0x0000d4aa       0x3e contiki-sky.a(sht11.o)
 .text.swrite   0x0000d4e8       0x62 contiki-sky.a(sht11.o)
 .text.sread    0x0000d54a       0x4c contiki-sky.a(sht11.o)
 .text.sreset   0x0000d596       0x2a contiki-sky.a(sht11.o)
 .text.scmd.part.0
                0x0000d5c0       0xb4 contiki-sky.a(sht11.o)
 .text.sht11_init
                0x0000d674       0x1a contiki-sky.a(sht11.o)
                0x0000d674                sht11_init
 .text.sht11_off
                0x0000d68e       0x14 contiki-sky.a(sht11.o)
                0x0000d68e                sht11_off
 .text.sht11_temp
                0x0000d6a2        0xa contiki-sky.a(sht11.o)
                0x0000d6a2                sht11_temp
 .text.sht11_humidity
                0x0000d6ac        0xa contiki-sky.a(sht11.o)
                0x0000d6ac                sht11_humidity
 .text.sht11_sreg
                0x0000d6b6       0x80 contiki-sky.a(sht11.o)
                0x0000d6b6                sht11_sreg
 .text.spi_init
                0x0000d736       0x30 contiki-sky.a(spi.o)
                0x0000d736                spi_init
 .text.stimer_set
                0x0000d766       0x1c contiki-sky.a(stimer.o)
                0x0000d766                stimer_set
 .text.stimer_expired
                0x0000d782       0x30 contiki-sky.a(stimer.o)
                0x0000d782                stimer_expired
 .text.memb_init
                0x0000d7b2       0x36 contiki-sky.a(memb.o)
                0x0000d7b2                memb_init
 .text.memb_alloc
                0x0000d7e8       0x3e contiki-sky.a(memb.o)
                0x0000d7e8                memb_alloc
 .text.memb_free
                0x0000d826       0x3a contiki-sky.a(memb.o)
                0x0000d826                memb_free
 .text.memb_inmemb
                0x0000d860       0x2a contiki-sky.a(memb.o)
                0x0000d860                memb_inmemb
 .text.memb_numfree
                0x0000d88a       0x26 contiki-sky.a(memb.o)
                0x0000d88a                memb_numfree
 .text.echo_reply_input
                0x0000d8b0       0xb2 contiki-sky.a(uip-icmp6.o)
 .text.echo_request_input
                0x0000d962       0xca contiki-sky.a(uip-icmp6.o)
 .text.uip_icmp6_input
                0x0000da2c       0x48 contiki-sky.a(uip-icmp6.o)
                0x0000da2c                uip_icmp6_input
 .text.uip_icmp6_register_input_handler
                0x0000da74        0xc contiki-sky.a(uip-icmp6.o)
                0x0000da74                uip_icmp6_register_input_handler
 .text.uip_icmp6_error_output
                0x0000da80      0x180 contiki-sky.a(uip-icmp6.o)
                0x0000da80                uip_icmp6_error_output
 .text.uip_icmp6_send
                0x0000dc00       0x94 contiki-sky.a(uip-icmp6.o)
                0x0000dc00                uip_icmp6_send
 .text.uip_icmp6_init
                0x0000dc94       0x12 contiki-sky.a(uip-icmp6.o)
                0x0000dc94                uip_icmp6_init
 .text.update_nbr
                0x0000dca6       0xe6 contiki-sky.a(rpl-nbr-policy.)
 .text.handle_periodic_timer
                0x0000dd8c        0xe contiki-sky.a(rpl-nbr-policy.)
 .text.find_removable_dis
                0x0000dd9a       0x16 contiki-sky.a(rpl-nbr-policy.)
                0x0000dd9a                find_removable_dis
 .text.find_removable_dio
                0x0000ddb0       0x3e contiki-sky.a(rpl-nbr-policy.)
                0x0000ddb0                find_removable_dio
 .text.find_removable_dao
                0x0000ddee       0x34 contiki-sky.a(rpl-nbr-policy.)
                0x0000ddee                find_removable_dao
 .text.rpl_nbr_policy_find_removable
                0x0000de22       0x30 contiki-sky.a(rpl-nbr-policy.)
                0x0000de22                rpl_nbr_policy_find_removable
 .text.frame802154_get_pan_id
                0x0000de52        0x6 contiki-sky.a(frame802154.o)
                0x0000de52                frame802154_get_pan_id
 .text.frame802154_has_panid
                0x0000de58       0x78 contiki-sky.a(frame802154.o)
                0x0000de58                frame802154_has_panid
 .text.field_len
                0x0000ded0       0xac contiki-sky.a(frame802154.o)
 .text.frame802154_is_broadcast_addr
                0x0000df7c       0x28 contiki-sky.a(frame802154.o)
                0x0000df7c                frame802154_is_broadcast_addr
 .text.frame802154_hdrlen
                0x0000dfa4       0x32 contiki-sky.a(frame802154.o)
                0x0000dfa4                frame802154_hdrlen
 .text.frame802154_create
                0x0000dfd6      0x16a contiki-sky.a(frame802154.o)
                0x0000dfd6                frame802154_create
 .text.frame802154_parse
                0x0000e140      0x200 contiki-sky.a(frame802154.o)
                0x0000e140                frame802154_parse
 .text.libgcc   0x0000e340       0x2c /usr/local/bin/../lib/gcc/msp430/4.7.2/mmpy-16/libgcc.a(_mulsi3.o)
                0x0000e340                __mulsi3
 .text.libgcc   0x0000e36c       0x22 /usr/local/bin/../lib/gcc/msp430/4.7.2/mmpy-16/libgcc.a(_udivmod16.o)
                0x0000e36c                __udivhi3
                0x0000e36c                __ext_udivmod16
                0x0000e386                __umodhi3
 .text.libgcc   0x0000e38e       0x3a /usr/local/bin/../lib/gcc/msp430/4.7.2/mmpy-16/libgcc.a(_divmod16.o)
                0x0000e38e                __ext_divmod16
                0x0000e38e                __divhi3
                0x0000e3c0                __modhi3
 .text.libgcc   0x0000e3c8       0x40 /usr/local/bin/../lib/gcc/msp430/4.7.2/mmpy-16/libgcc.a(_udivmod32.o)
                0x0000e3c8                __udivsi3
                0x0000e3c8                __ext_udivmod32
                0x0000e3fe                __umodsi3
 .text.libgcc   0x0000e408       0x4c /usr/local/bin/../lib/gcc/msp430/4.7.2/mmpy-16/libgcc.a(_divmod32.o)
                0x0000e408                __ext_divmod32
                0x0000e408                __divsi3
                0x0000e44a                __modsi3
 .text.printf   0x0000e454       0x10 /usr/local/bin/../lib/gcc/msp430/4.7.2/../../../../msp430/lib/mmpy-16/libc.a(printf.o)
                0x0000e454                printf
 .text.append   0x0000e464       0x22 /usr/local/bin/../lib/gcc/msp430/4.7.2/../../../../msp430/lib/mmpy-16/libc.a(sprintf.o)
 .text.call_vuprintf
                0x0000e486       0x3a /usr/local/bin/../lib/gcc/msp430/4.7.2/../../../../msp430/lib/mmpy-16/libc.a(sprintf.o)
 .text.sprintf  0x0000e4c0       0x1c /usr/local/bin/../lib/gcc/msp430/4.7.2/../../../../msp430/lib/mmpy-16/libc.a(sprintf.o)
                0x0000e4c0                sprintf
 .text.print_field
                0x0000e4dc      0x194 /usr/local/bin/../lib/gcc/msp430/4.7.2/../../../../msp430/lib/mmpy-16/libc.a(vuprintf.o)
 .text.vuprintf
                0x0000e670      0x63e /usr/local/bin/../lib/gcc/msp430/4.7.2/../../../../msp430/lib/mmpy-16/libc.a(vuprintf.o)
                0x0000e670                vuprintf
 .text.puts     0x0000ecae       0x2c /usr/local/bin/../lib/gcc/msp430/4.7.2/../../../../msp430/lib/mmpy-16/libc.a(puts.o)
                0x0000ecae                puts
 .text.rand     0x0000ecda       0x26 /usr/local/bin/../lib/gcc/msp430/4.7.2/../../../../msp430/lib/mmpy-16/libc.a(rand.o)
                0x0000ecda                rand
 .text.srand    0x0000ed00        0xa /usr/local/bin/../lib/gcc/msp430/4.7.2/../../../../msp430/lib/mmpy-16/libc.a(rand.o)
                0x0000ed00                srand
 .text.memcmp   0x0000ed0a       0x30 /usr/local/bin/../lib/gcc/msp430/4.7.2/../../../../msp430/lib/mmpy-16/libc.a(memcmp.o)
                0x0000ed0a                memcmp
 .text.memcpy   0x0000ed3a       0xfa /usr/local/bin/../lib/gcc/msp430/4.7.2/../../../../msp430/lib/mmpy-16/libc.a(memcpy.o)
                0x0000ed3a                memcpy
 .text.memmove  0x0000ee34       0xfa /usr/local/bin/../lib/gcc/msp430/4.7.2/../../../../msp430/lib/mmpy-16/libc.a(memmove.o)
                0x0000ee34                memmove
 .text.memset   0x0000ef2e       0x6a /usr/local/bin/../lib/gcc/msp430/4.7.2/../../../../msp430/lib/mmpy-16/libc.a(memset.o)
                0x0000ef2e                memset
 .text.libgcc   0x0000ef98       0xf0 /usr/local/bin/../lib/gcc/msp430/4.7.2/mmpy-16/libgcc.a(_udivmod64.o)
                0x0000ef98                __xabi_udivmod64
                0x0000eff6                __udivdi3
                0x0000f01c                __umoddi3
                0x0000f04a                __udivmoddi4
 .text.crt0     0x0000f088        0x2 /usr/local/bin/../lib/gcc/msp430/4.7.2/mmpy-16/libcrt0.a(_unexpected_.o)
                0x0000f088                _unexpected_
 *(.near.text .near.text.*)

.rodata         0x0000f08c      0x3cd
                0x0000f08c                . = ALIGN (0x2)
 *(.rodata .rodata.* .gnu.linkonce.r.*)
 .rodata        0x0000f08c       0x80 sensor.co
                0x0000f0f8                autostart_processes
 .rodata        0x0000f10c       0x6a obj_sky/udp-client.o
 .rodata        0x0000f176       0x30 obj_sky/sensor_temp.o
 .rodata        0x0000f1a6      0x12e obj_sky/contiki-sky-main.o
 .rodata        0x0000f2d4        0xe contiki-sky.a(sht11-sensor.o)
                0x0000f2da                sht11_sensor
 .rodata        0x0000f2e2       0x10 contiki-sky.a(button-sensor.o)
                0x0000f2ea                button_sensor
 .rodata        0x0000f2f2        0x8 contiki-sky.a(sensors.o)
 *fill*         0x0000f2fa        0x2 00
 .rodata.get_value
                0x0000f2fc       0x24 contiki-sky.a(cc2420.o)
 .rodata.set_value
                0x0000f320       0x10 contiki-sky.a(cc2420.o)
 .rodata        0x0000f330       0x3e contiki-sky.a(cc2420.o)
                0x0000f330                cc2420_aes_128_driver
                0x0000f334                cc2420_driver
 .rodata        0x0000f36e        0xf contiki-sky.a(ctimer.o)
 .rodata        0x0000f37d        0xc contiki-sky.a(etimer.o)
 *fill*         0x0000f389        0x3 00
 .rodata.uip_process
                0x0000f38c       0x20 contiki-sky.a(uip6.o)
 .rodata        0x0000f3ac       0x24 contiki-sky.a(sicslowpan.o)
                0x0000f3b8                sicslowpan_driver
                0x0000f3be                llprefix
                0x0000f3c0                unc_mxconf
                0x0000f3c4                unc_ctxconf
                0x0000f3c8                unc_llconf
 .rodata        0x0000f3d0       0x28 contiki-sky.a(uip-debug.o)
 .rodata        0x0000f3f8        0xd contiki-sky.a(tcpip.o)
 *fill*         0x0000f405        0x1 00
 .rodata        0x0000f406       0x14 contiki-sky.a(csma.o)
                0x0000f40c                csma_driver
 .rodata        0x0000f41a        0x6 contiki-sky.a(framer-802154.o)
                0x0000f41a                framer_802154
 .rodata        0x0000f420       0x18 contiki-sky.a(nullrdc.o)
                0x0000f428                nullrdc_driver
 .rodata        0x0000f438        0x8 contiki-sky.a(linkaddr.o)
                0x0000f438                linkaddr_null
 .rodata        0x0000f440       0x10 contiki-sky.a(nullsec.o)
                0x0000f448                nullsec_driver
 .rodata        0x0000f450        0x2 contiki-sky.a(frame802154.o)
 .rodata.vuprintf
                0x0000f452        0x7 /usr/local/bin/../lib/gcc/msp430/4.7.2/../../../../msp430/lib/mmpy-16/libc.a(vuprintf.o)
 *(.near.rodata .near.rodata.*)
                0x0000f45a                . = ALIGN (0x2)
                0x0000f45a                _etext = .

.data           0x00001100      0x106 load address 0x0000f45a
                0x00001100                . = ALIGN (0x2)
                0x00001100                __data_start = .
 *(.data .data.* .gnu.linkonce.d.*)
 .data          0x00001100        0xa sensor.co
                0x00001100                sensor_process
 .data          0x0000110a        0xa obj_sky/udp-client.o
                0x0000110a                udp_client_process
 .data          0x00001114        0xa obj_sky/sensor_temp.o
                0x00001114                sensor_temp
 .data          0x0000111e        0x4 contiki-sky.a(contiki-sky-pla)
                0x0000111e                sensors
 .data          0x00001122        0x1 contiki-sky.a(sht11-sensor.o)
 *fill*         0x00001123        0x1 00
 .data          0x00001124        0xa contiki-sky.a(sensors.o)
                0x00001124                sensors_process
 .data          0x0000112e        0xc contiki-sky.a(cc2420.o)
                0x0000112e                cc2420_process
 .data          0x0000113a        0x2 contiki-sky.a(msp430.o)
 .data          0x0000113c        0xa contiki-sky.a(ctimer.o)
                0x0000113c                ctimer_process
 .data          0x00001146        0xa contiki-sky.a(etimer.o)
                0x00001146                etimer_process
 .data          0x00001150       0x22 contiki-sky.a(uip-ds6-route.o)
                0x00001150                nbr_routes
 .data          0x00001172        0xa contiki-sky.a(uip-ds6-nbr.o)
                0x00001172                ds6_neighbors
 .data          0x0000117c        0xa contiki-sky.a(tcpip.o)
                0x0000117c                tcpip_process
 .data          0x00001186        0xa contiki-sky.a(rpl-dag.o)
                0x00001186                rpl_parents
 .data          0x00001190       0x12 contiki-sky.a(rpl-mrhof.o)
                0x00001190                rpl_mrhof
 .data          0x000011a2       0x1a contiki-sky.a(rpl-icmp6.o)
 .data          0x000011bc       0x18 contiki-sky.a(csma.o)
 .data          0x000011d4       0x10 contiki-sky.a(queuebuf.o)
 .data          0x000011e4        0x8 contiki-sky.a(nbr-table.o)
 .data          0x000011ec        0x8 contiki-sky.a(link-stats.o)
 .data          0x000011f4        0xc contiki-sky.a(uip-icmp6.o)
 .data          0x00001200        0x2 contiki-sky.a(frame802154.o)
 .data.next     0x00001202        0x4 /usr/local/bin/../lib/gcc/msp430/4.7.2/../../../../msp430/lib/mmpy-16/libc.a(rand.o)
 *(.near.data .near.data.*)
                0x00001206                . = ALIGN (0x2)
                0x00001206                _edata = .
                0x0000f45a                __data_load_start = LOADADDR (.data)
                0x00000106                __data_size = SIZEOF (.data)

.bss            0x00001206     0x1d46 load address 0x0000f560
                0x00001206                __bss_start = .
 *(.bss .bss.*)
 .bss           0x00001206       0xa0 sensor.co
 .bss           0x000012a6      0x10c obj_sky/udp-client.o
 .bss           0x000013b2        0xe obj_sky/sensor_temp.o
 .bss           0x000013c0        0xc obj_sky/contiki-sky-main.o
 .bss           0x000013cc        0x8 contiki-sky.a(button-sensor.o)
 .bss           0x000013d4        0x2 contiki-sky.a(node-id.o)
                0x000013d4                node_id
 .bss           0x000013d6        0x6 contiki-sky.a(sensors.o)
 .bss           0x000013dc        0xa contiki-sky.a(cc2420.o)
 .bss           0x000013e6       0x9a contiki-sky.a(uart1.o)
 .bss           0x00001480        0xa contiki-sky.a(clock.o)
 .bss           0x0000148a        0x1 contiki-sky.a(leds.o)
 *fill*         0x0000148b        0x1 00
 .bss           0x0000148c        0x2 contiki-sky.a(watchdog.o)
 .bss           0x0000148e        0x4 contiki-sky.a(ctimer.o)
 .bss           0x00001492        0x6 contiki-sky.a(etimer.o)
 .bss           0x00001498       0x38 contiki-sky.a(process.o)
                0x00001498                process_current
                0x0000149a                process_list
 .bss           0x000014d0        0x2 contiki-sky.a(rtimer.o)
 .bss           0x000014d2       0x18 contiki-sky.a(uip-ds6.o)
 .bss           0x000014ea      0x2e2 contiki-sky.a(uip-ds6-route.o)
 .bss           0x000017cc        0xa contiki-sky.a(uip6.o)
                0x000017cc                uip_ext_opt_offset
                0x000017cd                uip_ext_len
                0x000017ce                uip_ext_bitmap
 .bss           0x000017d6      0x120 contiki-sky.a(uip-ds6-nbr.o)
 .bss           0x000018f6      0x6e6 contiki-sky.a(sicslowpan.o)
 .bss           0x00001fdc       0x30 contiki-sky.a(tcpip.o)
 .bss           0x0000200c       0x60 contiki-sky.a(rpl-dag.o)
 .bss           0x0000206c       0x18 contiki-sky.a(rpl-timers.o)
 .bss           0x00002084        0x2 contiki-sky.a(rpl.o)
 .bss           0x00002086       0xc0 contiki-sky.a(csma.o)
 .bss           0x00002146        0x2 contiki-sky.a(framer-802154.o)
 .bss           0x00002148      0x5a0 contiki-sky.a(queuebuf.o)
 .bss           0x000026e8       0xe4 contiki-sky.a(nbr-table.o)
 .bss           0x000027cc       0x86 contiki-sky.a(packetbuf.o)
 .bss           0x00002852       0xa0 contiki-sky.a(link-stats.o)
 .bss           0x000028f2       0x14 contiki-sky.a(uip-icmp6.o)
 .bss           0x00002906       0x20 contiki-sky.a(rpl-nbr-policy.)
 .bss.destination_
                0x00002926        0x2 /usr/local/bin/../lib/gcc/msp430/4.7.2/../../../../msp430/lib/mmpy-16/libc.a(sprintf.o)
 .bss.available_
                0x00002928        0x2 /usr/local/bin/../lib/gcc/msp430/4.7.2/../../../../msp430/lib/mmpy-16/libc.a(sprintf.o)
 *(.near.bss .near.bss.*)
 *(COMMON)
 COMMON         0x0000292a        0x2 contiki-sky.a(contiki-sky-pla)
                0x0000292a                sensors_flags
 COMMON         0x0000292c        0x8 contiki-sky.a(ds2411.o)
                0x0000292c                ds2411_id
 COMMON         0x00002934        0x1 contiki-sky.a(sensors.o)
                0x00002934                sensors_event
 *fill*         0x00002935        0x1 00
 COMMON         0x00002936       0x10 contiki-sky.a(cc2420.o)
                0x00002936                cc2420_last_rssi
                0x00002938                cc2420_sfd_start_time
                0x0000293a                cc2420_time_of_departure
                0x0000293c                cc2420_time_of_arrival
                0x0000293e                cc2420_last_correlation
                0x00002940                cc2420_authority_level_of_sender
                0x00002942                cc2420_sfd_counter
                0x00002944                cc2420_sfd_end_time
 COMMON         0x00002946        0x2 contiki-sky.a(msp430.o)
                0x00002946                msp430_dco_required
 COMMON         0x00002948       0x56 contiki-sky.a(energest.o)
                0x00002948                energest_total_time
                0x00002978                energest_total_count
                0x0000297a                energest_current_mode
                0x00002986                energest_current_time
 COMMON         0x0000299e        0x1 contiki-sky.a(process.o)
                0x0000299e                process_maxevents
 *fill*         0x0000299f        0x1 00
 COMMON         0x000029a0      0x15c contiki-sky.a(uip-ds6.o)
                0x000029a0                uip_ds6_timer_ra
                0x000029a8                uip_ds6_if
                0x00002a94                uip_ds6_netif_addr_list_offset
                0x00002a95                uip_ds6_addr_size
                0x00002a96                uip_ds6_prefix_list
                0x00002af0                uip_ds6_timer_periodic
 COMMON         0x00002afc      0x304 contiki-sky.a(uip6.o)
                0x00002afc                uip_len
                0x00002afe                uip_sappdata
                0x00002b00                uip_acc32
                0x00002b04                uip_lladdr
                0x00002b0c                uip_aligned_buf
                0x00002bfc                uip_flags
                0x00002bfe                uip_next_hdr
                0x00002c00                uip_udp_conn
                0x00002c02                uip_appdata
                0x00002c04                uip_conn
                0x00002c06                uip_conns
                0x00002cb6                uip_listenports
                0x00002cc6                uip_slen
                0x00002cc8                uip_udp_conns
 COMMON         0x00002e00        0x1 contiki-sky.a(tcpip.o)
                0x00002e00                tcpip_event
 *fill*         0x00002e01        0x1 00
 COMMON         0x00002e02      0x100 contiki-sky.a(rpl-dag.o)
                0x00002e02                default_instance
                0x00002e04                instance_table
 COMMON         0x00002f02       0x2e contiki-sky.a(packetbuf.o)
                0x00002f02                packetbuf_addrs
                0x00002f12                packetbuf_attrs
 COMMON         0x00002f30        0x8 contiki-sky.a(linkaddr.o)
                0x00002f30                linkaddr_node_addr
 COMMON         0x00002f38       0x14 contiki-sky.a(link-stats.o)
                0x00002f38                periodic_timer
                0x00002f4c                . = ALIGN (0x2)
                0x00002f4c                __bss_end = .
                0x00001d46                __bss_size = SIZEOF (.bss)

.noinit         0x00002f4c        0x2 load address 0x0000f560
                0x00002f4c                . = ALIGN (0x2)
                0x00002f4c                __noinit_start = .
 *(.noinit .noinit.*)
 .noinit.crt0   0x00002f4c        0x2 /usr/local/bin/../lib/gcc/msp430/4.7.2/mmpy-16/libcrt0.a(__watchdog_support.o)
                0x00002f4c                __wdt_clear_value
                0x00002f4e                . = ALIGN (0x2)
                0x00002f4e                __noinit_end = .
                0x00002f4e                . = ALIGN (0x2)
                0x00002f4e                _end = .

.infomem        0x00001000        0x0
                0x00001000                . = ALIGN (0x2)
 *(.infomem .infomem.*)

.infomemnobits  0x00001000        0x0
                0x00001000                . = ALIGN (0x2)
 *(.infomemnobits .infomemnobits.*)

.infoa          0x00001080        0x0
                0x00001080                . = ALIGN (0x2)
 *(.infoa .infoa.*)

.infob          0x00001000        0x0
                0x00001000                . = ALIGN (0x2)
 *(.infob .infob.*)

.infoc          0x00000000        0x0
                0x00000000                . = ALIGN (0x2)
 *(.infoc .infoc.*)

.infod          0x00000000        0x0
                0x00000000                . = ALIGN (0x2)
 *(.infod .infod.*)
                0x0000ffff                PROVIDE (__vte_0, 0xffff)
                0x0000ffff                PROVIDE (__vte_1, 0xffff)
                0x0000ffff                PROVIDE (__vte_2, 0xffff)
                0x0000ffff                PROVIDE (__vte_3, 0xffff)
                0x0000ffff                PROVIDE (__vte_4, 0xffff)
                0x0000ffff                PROVIDE (__vte_5, 0xffff)
                0x0000ffff                PROVIDE (__vte_6, 0xffff)
                0x0000ffff                PROVIDE (__vte_7, 0xffff)
                0x0000ffff                PROVIDE (__vte_8, 0xffff)
                0x0000ffff                PROVIDE (__vte_9, 0xffff)
                0x0000ffff                PROVIDE (__vte_10, 0xffff)
                0x0000ffff                PROVIDE (__vte_11, 0xffff)
                0x0000ffff                PROVIDE (__vte_12, 0xffff)
                0x0000ffff                PROVIDE (__vte_13, 0xffff)
                0x0000ffff                PROVIDE (__vte_14, 0xffff)
                0x0000ffff                PROVIDE (__vte_15, 0xffff)
                0x0000ffff                PROVIDE (__vte_16, 0xffff)
                0x0000ffff                PROVIDE (__vte_17, 0xffff)
                0x0000ffff                PROVIDE (__vte_18, 0xffff)
                0x0000ffff                PROVIDE (__vte_19, 0xffff)
                0x0000ffff                PROVIDE (__vte_20, 0xffff)
                0x0000ffff                PROVIDE (__vte_21, 0xffff)
                0x0000ffff                PROVIDE (__vte_22, 0xffff)
                0x0000ffff                PROVIDE (__vte_23, 0xffff)
                0x0000ffff                PROVIDE (__vte_24, 0xffff)
                0x0000ffff                PROVIDE (__vte_25, 0xffff)
                0x0000ffff                PROVIDE (__vte_26, 0xffff)
                0x0000ffff                PROVIDE (__vte_27, 0xffff)
                0x0000ffff                PROVIDE (__vte_28, 0xffff)
                0x0000ffff                PROVIDE (__vte_29, 0xffff)
                0x0000ffff                PROVIDE (__vte_30, 0xffff)
                0x0000ffff                PROVIDE (__vte_31, 0xffff)

.vectors        0x0000ffe0       0x20
                0x0000ffe0                __vectors_start = .
 *(.vectors*)
 .vectors       0x0000ffe0       0x20 /usr/local/bin/../lib/gcc/msp430/4.7.2/mmpy-16/crt0ivtbl16.o
                0x0000ffe0                __ivtbl_16
                0x00010000                _vectors_end = .

.fartext        0x00000000        0x0
                0x00000000                . = ALIGN (0x2)
 *(.fartext .fartext.*)

.far.text       0x00000000        0x0
                0x00000000                . = ALIGN (0x2)
 *(.far.text .far.text.*)

.far.rodata     0x00000000        0x0
                0x00000000                . = ALIGN (0x2)
 *(.far.rodata .far.rodata.*)
                0x00000000                . = ALIGN (0x2)
                0x00000000                _efartext = .

.far.data       0x00000000        0x0
                0x00000000                . = ALIGN (0x2)
                0x00000000                __far_data_start = .
 *(.far.data .far.data.*)
                0x00000000                . = ALIGN (0x2)
                0x00000000                _efardata = .
                0x00000000                __far_data_load_start = LOADADDR (.far.data)
                0x00000000                __far_data_size = SIZEOF (.far.data)

.far.bss        0x00000000        0x0
                0x00000000                . = ALIGN (0x2)
                0x00000000                __far_bss_start = .
 *(.far.bss .far.bss.*)
                0x00000000                . = ALIGN (0x2)
                0x00000000                __far_bss_end = .
                0x00000000                __far_bss_size = SIZEOF (.far.bss)
                0x00000000                . = ALIGN (0x2)
                0x00000000                _far_end = .

.profiler
 *(.profiler)

.stab           0x00000000    0x2aabc
 *(.stab)
 .stab          0x00000000     0x1a7c sensor.co
 .stab          0x00001a7c      0xbdc obj_sky/udp-client.o
                               0x1b00 (size before relaxing)
 .stab          0x00002658      0x414 obj_sky/sensor_temp.o
                                0x960 (size before relaxing)
 .stab          0x00002a6c     0x1158 obj_sky/contiki-sky-main.o
                               0x1b18 (size before relaxing)
 .stab          0x00003bc4      0x234 contiki-sky.a(contiki-sky-pla)
                                0x5ac (size before relaxing)
 .stab          0x00003df8      0x3fc contiki-sky.a(sht11-sensor.o)
                                0x948 (size before relaxing)
 .stab          0x000041f4      0x468 contiki-sky.a(button-sensor.o)
                                0x7d4 (size before relaxing)
 .stab          0x0000465c      0x624 contiki-sky.a(ds2411.o)
                                0xb34 (size before relaxing)
 .stab          0x00004c80      0x9d8 contiki-sky.a(xmem.o)
                                0xf00 (size before relaxing)
 .stab          0x00005658      0x2b8 contiki-sky.a(node-id.o)
                                0x4e0 (size before relaxing)
 .stab          0x00005910      0x684 contiki-sky.a(sensors.o)
                                0xbb8 (size before relaxing)
 .stab          0x00005f94     0x2850 contiki-sky.a(cc2420.o)
                               0x2f7c (size before relaxing)
 .stab          0x000087e4      0x5a0 contiki-sky.a(cc2420-arch.o)
                               0x1728 (size before relaxing)
 .stab          0x00008d84      0x600 contiki-sky.a(uart1.o)
                                0x954 (size before relaxing)
 .stab          0x00009384      0x234 contiki-sky.a(uart1-putchar.o)
                                0x588 (size before relaxing)
 .stab          0x000095b8      0x72c contiki-sky.a(msp430.o)
                                0xa80 (size before relaxing)
 .stab          0x00009ce4      0x930 contiki-sky.a(clock.o)
                                0xc84 (size before relaxing)
 .stab          0x0000a614      0x5a0 contiki-sky.a(leds.o)
                                0x7ec (size before relaxing)
 .stab          0x0000abb4      0x378 contiki-sky.a(leds-arch.o)
                                0x6cc (size before relaxing)
 .stab          0x0000af2c      0x3cc contiki-sky.a(watchdog.o)
                                0x720 (size before relaxing)
 .stab          0x0000b2f8      0x3b4 contiki-sky.a(rtimer-arch.o)
                                0x708 (size before relaxing)
 .stab          0x0000b6ac      0x294 contiki-sky.a(autostart.o)
                                0x534 (size before relaxing)
 .stab          0x0000b940      0x834 contiki-sky.a(ctimer.o)
                                0xba0 (size before relaxing)
 .stab          0x0000c174      0x474 contiki-sky.a(energest.o)
                                0x6fc (size before relaxing)
 .stab          0x0000c5e8      0xa80 contiki-sky.a(etimer.o)
                                0xd50 (size before relaxing)
 .stab          0x0000d068      0xb94 contiki-sky.a(process.o)
                               0x102c (size before relaxing)
 .stab          0x0000dbfc      0x3cc contiki-sky.a(rtimer.o)
                                0x6b4 (size before relaxing)
 .stab          0x0000dfc8      0x348 contiki-sky.a(timer.o)
                                0x588 (size before relaxing)
 .stab          0x0000e310      0x7bc contiki-sky.a(list.o)
                                0x7c8 (size before relaxing)
 .stab          0x0000eacc      0x21c contiki-sky.a(random.o)
                                0x618 (size before relaxing)
 .stab          0x0000ece8     0x14dc contiki-sky.a(uip-ds6.o)
                               0x20f4 (size before relaxing)
 .stab          0x000101c4     0x12cc contiki-sky.a(uip-ds6-route.o)
                               0x1ee4 (size before relaxing)
 .stab          0x00011490     0x2a24 contiki-sky.a(uip6.o)
                               0x3720 (size before relaxing)
 .stab          0x00013eb4      0xccc contiki-sky.a(uip-ds6-nbr.o)